Archive member included to satisfy reference by file (symbol)

.\CortexM0\ARM_GCC_541\Debug\VariabeGain Mic.a(I2CM.o)
                              .\CortexM0\ARM_GCC_541\Debug\main.o (I2CM_Start)
.\CortexM0\ARM_GCC_541\Debug\VariabeGain Mic.a(I2CM_I2C.o)
                              .\CortexM0\ARM_GCC_541\Debug\VariabeGain Mic.a(I2CM.o) (I2CM_I2CInit)
.\CortexM0\ARM_GCC_541\Debug\VariabeGain Mic.a(I2CM_I2C_MASTER.o)
                              .\CortexM0\ARM_GCC_541\Debug\VariabeGain Mic.a(I2CM_I2C.o) (I2CM_mstrRdBufIndex)
.\CortexM0\ARM_GCC_541\Debug\VariabeGain Mic.a(UART.o)
                              .\CortexM0\ARM_GCC_541\Debug\main.o (UART_Start)
.\CortexM0\ARM_GCC_541\Debug\VariabeGain Mic.a(UART_SPI_UART.o)
                              .\CortexM0\ARM_GCC_541\Debug\main.o (UART_SpiUartWriteTxData)
.\CortexM0\ARM_GCC_541\Debug\VariabeGain Mic.a(UART_UART.o)
                              .\CortexM0\ARM_GCC_541\Debug\VariabeGain Mic.a(UART.o) (UART_UartInit)
.\CortexM0\ARM_GCC_541\Debug\VariabeGain Mic.a(CyLib.o)
                              .\CortexM0\ARM_GCC_541\Debug\cyfitter_cfg.o (CyIntEnable)
.\CortexM0\ARM_GCC_541\Debug\VariabeGain Mic.a(CyLFClk.o)
                              .\CortexM0\ARM_GCC_541\Debug\VariabeGain Mic.a(CyLib.o) (CySysClkWcoEnabled)
.\CortexM0\ARM_GCC_541\Debug\VariabeGain Mic.a(CTRL.o)
                              .\CortexM0\ARM_GCC_541\Debug\main.o (CTRL_Write)
.\CortexM0\ARM_GCC_541\Debug\VariabeGain Mic.a(ADC.o)
                              .\CortexM0\ARM_GCC_541\Debug\main.o (ADC_Start)
.\CortexM0\ARM_GCC_541\Debug\VariabeGain Mic.a(ADC_INT.o)
                              .\CortexM0\ARM_GCC_541\Debug\VariabeGain Mic.a(ADC.o) (ADC_ISR)
.\CortexM0\ARM_GCC_541\Debug\VariabeGain Mic.a(S3.o)
                              .\CortexM0\ARM_GCC_541\Debug\main.o (S3_Write)
.\CortexM0\ARM_GCC_541\Debug\VariabeGain Mic.a(S2.o)
                              .\CortexM0\ARM_GCC_541\Debug\main.o (S2_Write)
.\CortexM0\ARM_GCC_541\Debug\VariabeGain Mic.a(S1.o)
                              .\CortexM0\ARM_GCC_541\Debug\main.o (S1_Write)
.\CortexM0\ARM_GCC_541\Debug\VariabeGain Mic.a(S0.o)
                              .\CortexM0\ARM_GCC_541\Debug\main.o (S0_Write)
.\CortexM0\ARM_GCC_541\Debug\VariabeGain Mic.a(CyBootAsmGnu.o)
                              .\CortexM0\ARM_GCC_541\Debug\VariabeGain Mic.a(CyLib.o) (CyDelayCycles)
.\CortexM0\ARM_GCC_541\Debug\VariabeGain Mic.a(I2CM_I2C_INT.o)
                              .\CortexM0\ARM_GCC_541\Debug\VariabeGain Mic.a(I2CM_I2C.o) (I2CM_I2C_ISR)
.\CortexM0\ARM_GCC_541\Debug\VariabeGain Mic.a(CyFlash.o)
                              .\CortexM0\ARM_GCC_541\Debug\VariabeGain Mic.a(CyLib.o) (CySysFlashSetWaitCycles)
c:/program files (x86)/cypress/psoc creator/4.4/psoc creator/import/gnu/arm/5.4.1/bin/../lib/gcc/arm-none-eabi/5.4.1/../../../../arm-none-eabi/lib/armv6-m\libm.a(lib_a-s_round.o)
                              .\CortexM0\ARM_GCC_541\Debug\main.o (round)
c:/program files (x86)/cypress/psoc creator/4.4/psoc creator/import/gnu/arm/5.4.1/bin/../lib/gcc/arm-none-eabi/5.4.1/../../../../arm-none-eabi/lib/armv6-m\libm.a(lib_a-w_log10.o)
                              .\CortexM0\ARM_GCC_541\Debug\main.o (log10)
c:/program files (x86)/cypress/psoc creator/4.4/psoc creator/import/gnu/arm/5.4.1/bin/../lib/gcc/arm-none-eabi/5.4.1/../../../../arm-none-eabi/lib/armv6-m\libm.a(lib_a-w_pow.o)
                              .\CortexM0\ARM_GCC_541\Debug\main.o (pow)
c:/program files (x86)/cypress/psoc creator/4.4/psoc creator/import/gnu/arm/5.4.1/bin/../lib/gcc/arm-none-eabi/5.4.1/../../../../arm-none-eabi/lib/armv6-m\libm.a(lib_a-e_log10.o)
                              c:/program files (x86)/cypress/psoc creator/4.4/psoc creator/import/gnu/arm/5.4.1/bin/../lib/gcc/arm-none-eabi/5.4.1/../../../../arm-none-eabi/lib/armv6-m\libm.a(lib_a-w_log10.o) (__ieee754_log10)
c:/program files (x86)/cypress/psoc creator/4.4/psoc creator/import/gnu/arm/5.4.1/bin/../lib/gcc/arm-none-eabi/5.4.1/../../../../arm-none-eabi/lib/armv6-m\libm.a(lib_a-e_pow.o)
                              c:/program files (x86)/cypress/psoc creator/4.4/psoc creator/import/gnu/arm/5.4.1/bin/../lib/gcc/arm-none-eabi/5.4.1/../../../../arm-none-eabi/lib/armv6-m\libm.a(lib_a-w_pow.o) (__ieee754_pow)
c:/program files (x86)/cypress/psoc creator/4.4/psoc creator/import/gnu/arm/5.4.1/bin/../lib/gcc/arm-none-eabi/5.4.1/../../../../arm-none-eabi/lib/armv6-m\libm.a(lib_a-e_sqrt.o)
                              c:/program files (x86)/cypress/psoc creator/4.4/psoc creator/import/gnu/arm/5.4.1/bin/../lib/gcc/arm-none-eabi/5.4.1/../../../../arm-none-eabi/lib/armv6-m\libm.a(lib_a-e_pow.o) (__ieee754_sqrt)
c:/program files (x86)/cypress/psoc creator/4.4/psoc creator/import/gnu/arm/5.4.1/bin/../lib/gcc/arm-none-eabi/5.4.1/../../../../arm-none-eabi/lib/armv6-m\libm.a(lib_a-s_fabs.o)
[...]
Memory Configuration

Name             Origin             Length             Attributes
rom              0x00000000         0x00020000         xr
ram              0x20000000         0x00004000         xrw
*default*        0x00000000         0xffffffff

Linker script and memory map

LOAD c:/program files (x86)/cypress/psoc creator/4.4/psoc creator/import/gnu/arm/5.4.1/bin/../lib/gcc/arm-none-eabi/5.4.1/armv6-m/crti.o
LOAD c:/program files (x86)/cypress/psoc creator/4.4/psoc creator/import/gnu/arm/5.4.1/bin/../lib/gcc/arm-none-eabi/5.4.1/armv6-m/crtbegin.o
LOAD c:/program files (x86)/cypress/psoc creator/4.4/psoc creator/import/gnu/arm/5.4.1/bin/../lib/gcc/arm-none-eabi/5.4.1/../../../../arm-none-eabi/lib/armv6-m/crt0.o
START GROUP
LOAD .\CortexM0\ARM_GCC_541\Debug\main.o
LOAD .\CortexM0\ARM_GCC_541\Debug\cyfitter_cfg.o
LOAD .\CortexM0\ARM_GCC_541\Debug\cymetadata.o
LOAD .\CortexM0\ARM_GCC_541\Debug\Cm0Start.o
LOAD .\CortexM0\ARM_GCC_541\Debug\VariabeGain Mic.a
LOAD c:/program files (x86)/cypress/psoc creator/4.4/psoc creator/import/gnu/arm/5.4.1/bin/../lib/gcc/arm-none-eabi/5.4.1/../../../../arm-none-eabi/lib/armv6-m\libm.a
END GROUP
START GROUP
LOAD c:/program files (x86)/cypress/psoc creator/4.4/psoc creator/import/gnu/arm/5.4.1/bin/../lib/gcc/arm-none-eabi/5.4.1/armv6-m\libgcc.a
LOAD c:/program files (x86)/cypress/psoc creator/4.4/psoc creator/import/gnu/arm/5.4.1/bin/../lib/gcc/arm-none-eabi/5.4.1/../../../../arm-none-eabi/lib/armv6-m\libg_nano.a
LOAD c:/program files (x86)/cypress/psoc creator/4.4/psoc creator/import/gnu/arm/5.4.1/bin/../lib/gcc/arm-none-eabi/5.4.1/../../../../arm-none-eabi/lib/armv6-m\libc_nano.a
END GROUP
START GROUP
LOAD c:/program files (x86)/cypress/psoc creator/4.4/psoc creator/import/gnu/arm/5.4.1/bin/../lib/gcc/arm-none-eabi/5.4.1/armv6-m\libgcc.a
LOAD c:/program files (x86)/cypress/psoc creator/4.4/psoc creator/import/gnu/arm/5.4.1/bin/../lib/gcc/arm-none-eabi/5.4.1/../../../../arm-none-eabi/lib/armv6-m\libc_nano.a
END GROUP
LOAD c:/program files (x86)/cypress/psoc creator/4.4/psoc creator/import/gnu/arm/5.4.1/bin/../lib/gcc/arm-none-eabi/5.4.1/armv6-m/crtend.o
LOAD c:/program files (x86)/cypress/psoc creator/4.4/psoc creator/import/gnu/arm/5.4.1/bin/../lib/gcc/arm-none-eabi/5.4.1/armv6-m/crtn.o
START GROUP
LOAD c:/program files (x86)/cypress/psoc creator/4.4/psoc creator/import/gnu/arm/5.4.1/bin/../lib/gcc/arm-none-eabi/5.4.1/armv6-m\libgcc.a
LOAD c:/program files (x86)/cypress/psoc creator/4.4/psoc creator/import/gnu/arm/5.4.1/bin/../lib/gcc/arm-none-eabi/5.4.1/../../../../arm-none-eabi/lib/armv6-m\libc.a
LOAD c:/program files (x86)/cypress/psoc creator/4.4/psoc creator/import/gnu/arm/5.4.1/bin/../lib/gcc/arm-none-eabi/5.4.1/../../../../arm-none-eabi/lib/armv6-m\libnosys.a
END GROUP
                0x00000000                CY_APPL_ORIGIN = 0x0
                0x00000080                CY_FLASH_ROW_SIZE = 0x80
                0x00000001                CY_APPL_NUM = 0x1
                0x00000001                CY_APPL_MAX = 0x1
                0x00000040                CY_METADATA_SIZE = 0x40
                0x00000000                CY_APPL_LOADABLE = 0x0
                0x00000000                CY_CHECKSUM_EXCLUDE_SIZE = ALIGN (0x0, CY_FLASH_ROW_SIZE)
                0x00000000                CY_APP_FOR_STACK_AND_COPIER = 0x0
                [!provide]                PROVIDE (__cy_heap_start, _end)
                0x00000001                PROVIDE (__cy_region_num, ((__cy_regions_end - __cy_regions) / 0x10))
                0x20004000                PROVIDE (__cy_stack, (ORIGIN (ram) + LENGTH (ram)))
                [!provide]                PROVIDE (__cy_heap_end, (__cy_stack - 0x800))

.cybootloader   0x00000000        0x0
 *(.cybootloader)
                0x00000000                appl1_start = CY_APPL_ORIGIN?CY_APPL_ORIGIN:ALIGN (CY_FLASH_ROW_SIZE)
                0x0000ff80                appl2_start = (appl1_start + ALIGN ((((LENGTH (rom) - appl1_start) - (0x2 * CY_FLASH_ROW_SIZE)) / 0x2), CY_FLASH_ROW_SIZE))
                0x00000000                appl_start = (CY_APPL_NUM == 0x1)?appl1_start:appl2_start
                0x00000001                cy_project_type_bootloader = (appl_start == 0x0)?0x1:0x0
                0x00000000                cy_project_type_app_for_stack_and_copier = (CY_APP_FOR_STACK_AND_COPIER == 0x1)?0x1:0x0

.text           0x00000000     0x6f84
 CREATE_OBJECT_SYMBOLS
                0x00000000                PROVIDE (__cy_interrupt_vector, RomVectors)
 *(.romvectors)
 .romvectors    0x00000000       0x10 .\CortexM0\ARM_GCC_541\Debug\Cm0Start.o
                0x00000000                RomVectors
                0x00000001                ASSERT ((. != __cy_interrupt_vector), No interrupt vector)
                0x00000001                ASSERT (CY_APPL_ORIGIN?(SIZEOF (.cybootloader) <= CY_APPL_ORIGIN):0x1, Wrong image location)
                0x00000010                PROVIDE (__cy_reset, Reset)
 *(.text.Reset)
 .text.Reset    0x00000010        0x8 .\CortexM0\ARM_GCC_541\Debug\Cm0Start.o
                0x00000010                Reset
                0x00000001                ASSERT ((. != __cy_reset), No reset code)
 *(.psocinit)
 .psocinit      0x00000018      0x1e0 .\CortexM0\ARM_GCC_541\Debug\cyfitter_cfg.o
                0x000000d0                cyfitter_cfg
                0x000001f8                . = MAX (., 0x100)
 *(.text .text.* .gnu.linkonce.t.*)
 .text          0x000001f8       0x60 c:/program files (x86)/cypress/psoc creator/4.4/psoc creator/import/gnu/arm/5.4.1/bin/../lib/gcc/arm-none-eabi/5.4.1/armv6-m/crtbegin.o
 .text.chgBoardaddr
                0x00000258       0x68 .\CortexM0\ARM_GCC_541\Debug\main.o
                0x00000258                chgBoardaddr
 .text.sendi2cdata
                0x000002c0       0x3c .\CortexM0\ARM_GCC_541\Debug\main.o
                0x000002c0                sendi2cdata
 .text.receivei2cdata
                0x000002fc       0x38 .\CortexM0\ARM_GCC_541\Debug\main.o
                0x000002fc                receivei2cdata
 .text.check_i2c
                0x00000334       0x3c .\CortexM0\ARM_GCC_541\Debug\main.o
                0x00000334                check_i2c
 .text.Command16
                0x00000370       0x1c .\CortexM0\ARM_GCC_541\Debug\main.o
                0x00000370                Command16
 .text.Write_RDAC
                0x0000038c       0x24 .\CortexM0\ARM_GCC_541\Debug\main.o
                0x0000038c                Write_RDAC
 .text.Readback_RDAC
                0x000003b0       0x2c .\CortexM0\ARM_GCC_541\Debug\main.o
                0x000003b0                Readback_RDAC
 .text.VmM_4_10
                0x000003dc        0x8 .\CortexM0\ARM_GCC_541\Debug\main.o
                0x000003dc                VmM_4_10
 .text.VmM_GainCal
                0x000003e4      0x144 .\CortexM0\ARM_GCC_541\Debug\main.o
                0x000003e4                VmM_GainCal
 .text.setGain  0x00000528      0x2c8 .\CortexM0\ARM_GCC_541\Debug\main.o
                0x00000528                setGain
 .text.incGain  0x000007f0       0x18 .\CortexM0\ARM_GCC_541\Debug\main.o
                0x000007f0                incGain
 .text.decGain  0x00000808       0x18 .\CortexM0\ARM_GCC_541\Debug\main.o
                0x00000808                decGain
 .text.presentGain
                0x00000820       0x30 .\CortexM0\ARM_GCC_541\Debug\main.o
                0x00000820                presentGain
 .text._write   0x00000850       0x1c .\CortexM0\ARM_GCC_541\Debug\main.o
                0x00000850                _write
 .text.setmux   0x0000086c      0x1b4 .\CortexM0\ARM_GCC_541\Debug\main.o
                0x0000086c                setmux
 .text.main     0x00000a20      0x110 .\CortexM0\ARM_GCC_541\Debug\main.o
                0x00000a20                main
 .text.cfg_write_bytes32
                0x00000b30       0x34 .\CortexM0\ARM_GCC_541\Debug\cyfitter_cfg.o
 .text.CYMEMZERO
                0x00000b64        0xc .\CortexM0\ARM_GCC_541\Debug\cyfitter_cfg.o
 .text.SetAnalogRoutingPumps
                0x00000b70       0x20 .\CortexM0\ARM_GCC_541\Debug\cyfitter_cfg.o
                0x00000b70                SetAnalogRoutingPumps
 .text.AnalogSetDefault
                0x00000b90       0x40 .\CortexM0\ARM_GCC_541\Debug\cyfitter_cfg.o
 .text.IntDefaultHandler
                0x00000bd0       0x10 .\CortexM0\ARM_GCC_541\Debug\Cm0Start.o
                0x00000bd0                IntDefaultHandler
 .text._sbrk    0x00000be0       0x34 .\CortexM0\ARM_GCC_541\Debug\Cm0Start.o
                0x00000be0                _sbrk
 .text.Start_c  0x00000c14       0x48 .\CortexM0\ARM_GCC_541\Debug\Cm0Start.o
                0x00000c14                Start_c
 .text.initialize_psoc
                0x00000c5c       0x4c .\CortexM0\ARM_GCC_541\Debug\Cm0Start.o
                0x00000c5c                initialize_psoc
 .text.I2CM_ScbEnableIntr
                0x00000ca8        0xc .\CortexM0\ARM_GCC_541\Debug\VariabeGain Mic.a(I2CM.o)
 .text.I2CM_Init
                0x00000cb4        0x8 .\CortexM0\ARM_GCC_541\Debug\VariabeGain Mic.a(I2CM.o)
                0x00000cb4                I2CM_Init
 .text.I2CM_Enable
                0x00000cbc       0x18 .\CortexM0\ARM_GCC_541\Debug\VariabeGain Mic.a(I2CM.o)
                0x00000cbc                I2CM_Enable
 .text.I2CM_Start
                0x00000cd4       0x20 .\CortexM0\ARM_GCC_541\Debug\VariabeGain Mic.a(I2CM.o)
                0x00000cd4                I2CM_Start
 .text.I2CM_I2CInit
                0x00000cf4       0xb8 .\CortexM0\ARM_GCC_541\Debug\VariabeGain Mic.a(I2CM_I2C.o)
                0x00000cf4                I2CM_I2CInit
 .text.I2CM_I2CFwBlockReset
                0x00000dac       0x5c .\CortexM0\ARM_GCC_541\Debug\VariabeGain Mic.a(I2CM_I2C.o)
                0x00000dac                I2CM_I2CFwBlockReset
 .text.I2CM_I2CMasterStatus
                0x00000e08       0x30 .\CortexM0\ARM_GCC_541\Debug\VariabeGain Mic.a(I2CM_I2C_MASTER.o)
                0x00000e08                I2CM_I2CMasterStatus
 .text.I2CM_I2CMasterClearStatus
                0x00000e38       0x20 .\CortexM0\ARM_GCC_541\Debug\VariabeGain Mic.a(I2CM_I2C_MASTER.o)
                0x00000e38                I2CM_I2CMasterClearStatus
 .text.I2CM_I2CReStartGeneration
                0x00000e58       0x20 .\CortexM0\ARM_GCC_541\Debug\VariabeGain Mic.a(I2CM_I2C_MASTER.o)
                0x00000e58                I2CM_I2CReStartGeneration
 .text.I2CM_I2CMasterWriteBuf
                0x00000e78       0xf8 .\CortexM0\ARM_GCC_541\Debug\VariabeGain Mic.a(I2CM_I2C_MASTER.o)
                0x00000e78                I2CM_I2CMasterWriteBuf
 .text.I2CM_I2CMasterReadBuf
                0x00000f70      0x108 .\CortexM0\ARM_GCC_541\Debug\VariabeGain Mic.a(I2CM_I2C_MASTER.o)
                0x00000f70                I2CM_I2CMasterReadBuf
 .text.UART_ScbModePostEnable
                0x00001078        0x8 .\CortexM0\ARM_GCC_541\Debug\VariabeGain Mic.a(UART.o)
 .text.UART_Init
                0x00001080        0x8 .\CortexM0\ARM_GCC_541\Debug\VariabeGain Mic.a(UART.o)
                0x00001080                UART_Init
 .text.UART_Enable
                0x00001088       0x18 .\CortexM0\ARM_GCC_541\Debug\VariabeGain Mic.a(UART.o)
                0x00001088                UART_Enable
 .text.UART_Start
                0x000010a0       0x20 .\CortexM0\ARM_GCC_541\Debug\VariabeGain Mic.a(UART.o)
                0x000010a0                UART_Start
 .text.UART_SpiUartReadRxData
                0x000010c0        0xc .\CortexM0\ARM_GCC_541\Debug\VariabeGain Mic.a(UART_SPI_UART.o)
                0x000010c0                UART_SpiUartReadRxData
 .text.UART_SpiUartGetRxBufferSize
                0x000010cc       0x10 .\CortexM0\ARM_GCC_541\Debug\VariabeGain Mic.a(UART_SPI_UART.o)
                0x000010cc                UART_SpiUartGetRxBufferSize
 .text.UART_SpiUartWriteTxData
                0x000010dc       0x1c .\CortexM0\ARM_GCC_541\Debug\VariabeGain Mic.a(UART_SPI_UART.o)
                0x000010dc                UART_SpiUartWriteTxData
 .text.UART_UartInit
                0x000010f8       0xa8 .\CortexM0\ARM_GCC_541\Debug\VariabeGain Mic.a(UART_UART.o)
                0x000010f8                UART_UartInit
 .text.UART_UartPostEnable
                0x000011a0       0x24 .\CortexM0\ARM_GCC_541\Debug\VariabeGain Mic.a(UART_UART.o)
                0x000011a0                UART_UartPostEnable
 .text.UART_UartGetChar
                0x000011c4       0x2c .\CortexM0\ARM_GCC_541\Debug\VariabeGain Mic.a(UART_UART.o)
                0x000011c4                UART_UartGetChar
 .text.CySysClkImoDisableWcoLock
                0x000011f0       0x54 .\CortexM0\ARM_GCC_541\Debug\VariabeGain Mic.a(CyLib.o)
                0x000011f0                CySysClkImoDisableWcoLock
 .text.CySysClkImoGetWcoLock
                0x00001244       0x14 .\CortexM0\ARM_GCC_541\Debug\VariabeGain Mic.a(CyLib.o)
                0x00001244                CySysClkImoGetWcoLock
 .text.CyIntEnable
                0x00001258       0x14 .\CortexM0\ARM_GCC_541\Debug\VariabeGain Mic.a(CyLib.o)
                0x00001258                CyIntEnable
 .text.CyIntDisable
                0x0000126c       0x14 .\CortexM0\ARM_GCC_541\Debug\VariabeGain Mic.a(CyLib.o)
                0x0000126c                CyIntDisable
 .text.CyHalt   0x00001280        0x4 .\CortexM0\ARM_GCC_541\Debug\VariabeGain Mic.a(CyLib.o)
                0x00001280                CyHalt
 .text.CyIntSetVector
                0x00001284       0x24 .\CortexM0\ARM_GCC_541\Debug\VariabeGain Mic.a(CyLib.o)
                0x00001284                CyIntSetVector
 .text.CyIntSetPriority
                0x000012a8       0x4c .\CortexM0\ARM_GCC_541\Debug\VariabeGain Mic.a(CyLib.o)
                0x000012a8                CyIntSetPriority
 .text.CyDelay  0x000012f4       0x30 .\CortexM0\ARM_GCC_541\Debug\VariabeGain Mic.a(CyLib.o)
                0x000012f4                CyDelay
 .text.CySysClkImoEnableWcoLock
                0x00001324       0xf4 .\CortexM0\ARM_GCC_541\Debug\VariabeGain Mic.a(CyLib.o)
                0x00001324                CySysClkImoEnableWcoLock
 .text.CySysClkWriteImoFreq
                0x00001418       0x80 .\CortexM0\ARM_GCC_541\Debug\VariabeGain Mic.a(CyLib.o)
                0x00001418                CySysClkWriteImoFreq
 .text.CyDelayUs
                0x00001498       0x14 .\CortexM0\ARM_GCC_541\Debug\VariabeGain Mic.a(CyLib.o)
                0x00001498                CyDelayUs
 .text.CySysWdtLocked
                0x000014ac       0x14 .\CortexM0\ARM_GCC_541\Debug\VariabeGain Mic.a(CyLFClk.o)
 .text.CySysClkWcoEnabled
                0x000014c0       0x14 .\CortexM0\ARM_GCC_541\Debug\VariabeGain Mic.a(CyLFClk.o)
                0x000014c0                CySysClkWcoEnabled
 .text.CySysWdtLock
                0x000014d4       0x1c .\CortexM0\ARM_GCC_541\Debug\VariabeGain Mic.a(CyLFClk.o)
                0x000014d4                CySysWdtLock
 .text.CySysWdtUnlock
                0x000014f0       0x30 .\CortexM0\ARM_GCC_541\Debug\VariabeGain Mic.a(CyLFClk.o)
                0x000014f0                CySysWdtUnlock
 .text.CySysWdtClearInterrupt
                0x00001520       0x4c .\CortexM0\ARM_GCC_541\Debug\VariabeGain Mic.a(CyLFClk.o)
                0x00001520                CySysWdtClearInterrupt
 .text.CySysWdtIsr
                0x0000156c       0xa4 .\CortexM0\ARM_GCC_541\Debug\VariabeGain Mic.a(CyLFClk.o)
                0x0000156c                CySysWdtIsr
 .text.CTRL_Write
                0x00001610       0x18 .\CortexM0\ARM_GCC_541\Debug\VariabeGain Mic.a(CTRL.o)
                0x00001610                CTRL_Write
 .text.ADC_Init
                0x00001628      0x100 .\CortexM0\ARM_GCC_541\Debug\VariabeGain Mic.a(ADC.o)
                0x00001628                ADC_Init
 .text.ADC_Enable
                0x00001728       0x30 .\CortexM0\ARM_GCC_541\Debug\VariabeGain Mic.a(ADC.o)
                0x00001728                ADC_Enable
 .text.ADC_Start
                0x00001758       0x20 .\CortexM0\ARM_GCC_541\Debug\VariabeGain Mic.a(ADC.o)
                0x00001758                ADC_Start
 .text.ADC_StartConvert
                0x00001778       0x14 .\CortexM0\ARM_GCC_541\Debug\VariabeGain Mic.a(ADC.o)
                0x00001778                ADC_StartConvert
 .text.ADC_GetResult16
                0x0000178c       0x2c .\CortexM0\ARM_GCC_541\Debug\VariabeGain Mic.a(ADC.o)
                0x0000178c                ADC_GetResult16
 .text.ADC_CountsTo_Volts
                0x000017b8       0x48 .\CortexM0\ARM_GCC_541\Debug\VariabeGain Mic.a(ADC.o)
                0x000017b8                ADC_CountsTo_Volts
 .text.ADC_ISR  0x00001800        0xc .\CortexM0\ARM_GCC_541\Debug\VariabeGain Mic.a(ADC_INT.o)
                0x00001800                ADC_ISR
 .text.S3_Write
                0x0000180c       0x18 .\CortexM0\ARM_GCC_541\Debug\VariabeGain Mic.a(S3.o)
                0x0000180c                S3_Write
 .text.S2_Write
                0x00001824       0x18 .\CortexM0\ARM_GCC_541\Debug\VariabeGain Mic.a(S2.o)
                0x00001824                S2_Write
 .text.S1_Write
                0x0000183c       0x18 .\CortexM0\ARM_GCC_541\Debug\VariabeGain Mic.a(S1.o)
                0x0000183c                S1_Write
 .text.S0_Write
                0x00001854       0x18 .\CortexM0\ARM_GCC_541\Debug\VariabeGain Mic.a(S0.o)
                0x00001854                S0_Write
 *fill*         0x0000186c        0x4 
 .text          0x00001870       0x20 .\CortexM0\ARM_GCC_541\Debug\VariabeGain Mic.a(CyBootAsmGnu.o)
                0x00001870                CyDelayCycles
                0x00001882                CyEnterCriticalSection
                0x0000188a                CyExitCriticalSection
 .text.I2CM_I2C_ISR
                0x00001890      0x340 .\CortexM0\ARM_GCC_541\Debug\VariabeGain Mic.a(I2CM_I2C_INT.o)
                0x00001890                I2CM_I2C_ISR
 .text.CySysFlashSetWaitCycles
                0x00001bd0       0x54 .\CortexM0\ARM_GCC_541\Debug\VariabeGain Mic.a(CyFlash.o)
                0x00001bd0                CySysFlashSetWaitCycles
 .text.round    0x00001c24       0xa8 c:/program files (x86)/cypress/psoc creator/4.4/psoc creator/import/gnu/arm/5.4.1/bin/../lib/gcc/arm-none-eabi/5.4.1/../../../../arm-none-eabi/lib/armv6-m\libm.a(lib_a-s_round.o)
                0x00001c24                round
 .text.log10    0x00001ccc      0x118 c:/program files (x86)/cypress/psoc creator/4.4/psoc creator/import/gnu/arm/5.4.1/bin/../lib/gcc/arm-none-eabi/5.4.1/../../../../arm-none-eabi/lib/armv6-m\libm.a(lib_a-w_log10.o)
                0x00001ccc                log10
 .text.pow      0x00001de4      0x378 c:/program files (x86)/cypress/psoc creator/4.4/psoc creator/import/gnu/arm/5.4.1/bin/../lib/gcc/arm-none-eabi/5.4.1/../../../../arm-none-eabi/lib/armv6-m\libm.a(lib_a-w_pow.o)
                0x00001de4                pow
 .text.__ieee754_log10
                0x0000215c      0x128 c:/program files (x86)/cypress/psoc creator/4.4/psoc creator/import/gnu/arm/5.4.1/bin/../lib/gcc/arm-none-eabi/5.4.1/../../../../arm-none-eabi/lib/armv6-m\libm.a(lib_a-e_log10.o)
                0x0000215c                __ieee754_log10
 .text.__ieee754_pow
                0x00002284      0xa6c c:/program files (x86)/cypress/psoc creator/4.4/psoc creator/import/gnu/arm/5.4.1/bin/../lib/gcc/arm-none-eabi/5.4.1/../../../../arm-none-eabi/lib/armv6-m\libm.a(lib_a-e_pow.o)
                0x00002284                __ieee754_pow
 .text.__ieee754_sqrt
                0x00002cf0      0x1ec c:/program files (x86)/cypress/psoc creator/4.4/psoc creator/import/gnu/arm/5.4.1/bin/../lib/gcc/arm-none-eabi/5.4.1/../../../../arm-none-eabi/lib/armv6-m\libm.a(lib_a-e_sqrt.o)
                0x00002cf0                __ieee754_sqrt
 .text.fabs     0x00002edc        0x8 c:/program files (x86)/cypress/psoc creator/4.4/psoc creator/import/gnu/arm/5.4.1/bin/../lib/gcc/arm-none-eabi/5.4.1/../../../../arm-none-eabi/lib/armv6-m\libm.a(lib_a-s_fabs.o)
                0x00002edc                fabs
 .text.finite   0x00002ee4       0x14 c:/program files (x86)/cypress/psoc creator/4.4/psoc creator/import/gnu/arm/5.4.1/bin/../lib/gcc/arm-none-eabi/5.4.1/../../../../arm-none-eabi/lib/armv6-m\libm.a(lib_a-s_finite.o)
                0x00002ee4                finite
 .text.matherr  0x00002ef8        0x4 c:/program files (x86)/cypress/psoc creator/4.4/psoc creator/import/gnu/arm/5.4.1/bin/../lib/gcc/arm-none-eabi/5.4.1/../../../../arm-none-eabi/lib/armv6-m\libm.a(lib_a-s_matherr.o)
                0x00002ef8                matherr
 .text.nan      0x00002efc        0xc c:/program files (x86)/cypress/psoc creator/4.4/psoc creator/import/gnu/arm/5.4.1/bin/../lib/gcc/arm-none-eabi/5.4.1/../../../../arm-none-eabi/lib/armv6-m\libm.a(lib_a-s_nan.o)
                0x00002efc                nan
 .text.rint     0x00002f08      0x144 c:/program files (x86)/cypress/psoc creator/4.4/psoc creator/import/gnu/arm/5.4.1/bin/../lib/gcc/arm-none-eabi/5.4.1/../../../../arm-none-eabi/lib/armv6-m\libm.a(lib_a-s_rint.o)
                0x00002f08                rint
 .text.scalbn   0x0000304c       0xd0 c:/program files (x86)/cypress/psoc creator/4.4/psoc creator/import/gnu/arm/5.4.1/bin/../lib/gcc/arm-none-eabi/5.4.1/../../../../arm-none-eabi/lib/armv6-m\libm.a(lib_a-s_scalbn.o)
                0x0000304c                scalbn
 .text.__ieee754_log
                0x0000311c      0x404 c:/program files (x86)/cypress/psoc creator/4.4/psoc creator/import/gnu/arm/5.4.1/bin/../lib/gcc/arm-none-eabi/5.4.1/../../../../arm-none-eabi/lib/armv6-m\libm.a(lib_a-e_log.o)
                0x0000311c                __ieee754_log
 .text.copysign
                0x00003520       0x10 c:/program files (x86)/cypress/psoc creator/4.4/psoc creator/import/gnu/arm/5.4.1/bin/../lib/gcc/arm-none-eabi/5.4.1/../../../../arm-none-eabi/lib/armv6-m\libm.a(lib_a-s_copysign.o)
                0x00003520                copysign
 .text          0x00003530      0x114 c:/program files (x86)/cypress/psoc creator/4.4/psoc creator/import/gnu/arm/5.4.1/bin/../lib/gcc/arm-none-eabi/5.4.1/armv6-m\libgcc.a(_udivsi3.o)
                0x00003530                __aeabi_uidiv
                0x00003530                __udivsi3
                0x0000363c                __aeabi_uidivmod
 .text          0x00003644        0x4 c:/program files (x86)/cypress/psoc creator/4.4/psoc creator/import/gnu/arm/5.4.1/bin/../lib/gcc/arm-none-eabi/5.4.1/armv6-m\libgcc.a(_dvmd_tls.o)
                0x00003644                __aeabi_idiv0
                0x00003644                __aeabi_ldiv0
 .text          0x00003648       0x7c c:/program files (x86)/cypress/psoc creator/4.4/psoc creator/import/gnu/arm/5.4.1/bin/../lib/gcc/arm-none-eabi/5.4.1/armv6-m\libgcc.a(_arm_cmpdf2.o)
                0x00003648                __aeabi_cdrcmple
                0x00003658                __aeabi_cdcmple
                0x00003658                __aeabi_cdcmpeq
                0x00003668                __aeabi_dcmpeq
                0x00003674                __aeabi_dcmplt
                0x00003688                __aeabi_dcmple
                0x0000369c                __aeabi_dcmpgt
                0x000036b0                __aeabi_dcmpge
 .text          0x000036c4       0x3c c:/program files (x86)/cypress/psoc creator/4.4/psoc creator/import/gnu/arm/5.4.1/bin/../lib/gcc/arm-none-eabi/5.4.1/armv6-m\libgcc.a(_fixunsdfsi.o)
                0x000036c4                __aeabi_d2uiz
                0x000036c4                __fixunsdfsi
 .text          0x00003700      0x2ec c:/program files (x86)/cypress/psoc creator/4.4/psoc creator/import/gnu/arm/5.4.1/bin/../lib/gcc/arm-none-eabi/5.4.1/armv6-m\libgcc.a(addsf3.o)
                0x00003700                __aeabi_fadd
 .text          0x000039ec      0x234 c:/program files (x86)/cypress/psoc creator/4.4/psoc creator/import/gnu/arm/5.4.1/bin/../lib/gcc/arm-none-eabi/5.4.1/armv6-m\libgcc.a(divsf3.o)
                0x000039ec                __aeabi_fdiv
 .text          0x00003c20      0x228 c:/program files (x86)/cypress/psoc creator/4.4/psoc creator/import/gnu/arm/5.4.1/bin/../lib/gcc/arm-none-eabi/5.4.1/armv6-m\libgcc.a(mulsf3.o)
                0x00003c20                __aeabi_fmul
 .text          0x00003e48      0x30c c:/program files (x86)/cypress/psoc creator/4.4/psoc creator/import/gnu/arm/5.4.1/bin/../lib/gcc/arm-none-eabi/5.4.1/armv6-m\libgcc.a(subsf3.o)
                0x00003e48                __aeabi_fsub
 .text          0x00004154       0x44 c:/program files (x86)/cypress/psoc creator/4.4/psoc creator/import/gnu/arm/5.4.1/bin/../lib/gcc/arm-none-eabi/5.4.1/armv6-m\libgcc.a(fixsfsi.o)
                0x00004154                __aeabi_f2iz
 .text          0x00004198       0x90 c:/program files (x86)/cypress/psoc creator/4.4/psoc creator/import/gnu/arm/5.4.1/bin/../lib/gcc/arm-none-eabi/5.4.1/armv6-m\libgcc.a(floatsisf.o)
                0x00004198                __aeabi_i2f
 .text          0x00004228      0x658 c:/program files (x86)/cypress/psoc creator/4.4/psoc creator/import/gnu/arm/5.4.1/bin/../lib/gcc/arm-none-eabi/5.4.1/armv6-m\libgcc.a(adddf3.o)
                0x00004228                __aeabi_dadd
 .text          0x00004880      0x62c c:/program files (x86)/cypress/psoc creator/4.4/psoc creator/import/gnu/arm/5.4.1/bin/../lib/gcc/arm-none-eabi/5.4.1/armv6-m\libgcc.a(divdf3.o)
                0x00004880                __aeabi_ddiv
 .text          0x00004eac       0x80 c:/program files (x86)/cypress/psoc creator/4.4/psoc creator/import/gnu/arm/5.4.1/bin/../lib/gcc/arm-none-eabi/5.4.1/armv6-m\libgcc.a(eqdf2.o)
                0x00004eac                __nedf2
                0x00004eac                __eqdf2
 .text          0x00004f2c       0xc8 c:/program files (x86)/cypress/psoc creator/4.4/psoc creator/import/gnu/arm/5.4.1/bin/../lib/gcc/arm-none-eabi/5.4.1/armv6-m\libgcc.a(gedf2.o)
                0x00004f2c                __gedf2
                0x00004f2c                __gtdf2
 .text          0x00004ff4       0xd4 c:/program files (x86)/cypress/psoc creator/4.4/psoc creator/import/gnu/arm/5.4.1/bin/../lib/gcc/arm-none-eabi/5.4.1/armv6-m\libgcc.a(ledf2.o)
                0x00004ff4                __ledf2
                0x00004ff4                __ltdf2
 .text          0x000050c8      0x4f4 c:/program files (x86)/cypress/psoc creator/4.4/psoc creator/import/gnu/arm/5.4.1/bin/../lib/gcc/arm-none-eabi/5.4.1/armv6-m\libgcc.a(muldf3.o)
                0x000050c8                __aeabi_dmul
 .text          0x000055bc      0x6a8 c:/program files (x86)/cypress/psoc creator/4.4/psoc creator/import/gnu/arm/5.4.1/bin/../lib/gcc/arm-none-eabi/5.4.1/armv6-m\libgcc.a(subdf3.o)
                0x000055bc                __aeabi_dsub
 .text          0x00005c64       0x40 c:/program files (x86)/cypress/psoc creator/4.4/psoc creator/import/gnu/arm/5.4.1/bin/../lib/gcc/arm-none-eabi/5.4.1/armv6-m\libgcc.a(unorddf2.o)
                0x00005c64                __aeabi_dcmpun
 .text          0x00005ca4       0x6c c:/program files (x86)/cypress/psoc creator/4.4/psoc creator/import/gnu/arm/5.4.1/bin/../lib/gcc/arm-none-eabi/5.4.1/armv6-m\libgcc.a(fixdfsi.o)
                0x00005ca4                __aeabi_d2iz
 .text          0x00005d10       0x84 c:/program files (x86)/cypress/psoc creator/4.4/psoc creator/import/gnu/arm/5.4.1/bin/../lib/gcc/arm-none-eabi/5.4.1/armv6-m\libgcc.a(floatsidf.o)
                0x00005d10                __aeabi_i2d
 .text          0x00005d94       0xa8 c:/program files (x86)/cypress/psoc creator/4.4/psoc creator/import/gnu/arm/5.4.1/bin/../lib/gcc/arm-none-eabi/5.4.1/armv6-m\libgcc.a(extendsfdf2.o)
                0x00005d94                __aeabi_f2d
 .text          0x00005e3c      0x118 c:/program files (x86)/cypress/psoc creator/4.4/psoc creator/import/gnu/arm/5.4.1/bin/../lib/gcc/arm-none-eabi/5.4.1/armv6-m\libgcc.a(truncdfsf2.o)
                0x00005e3c                __aeabi_d2f
 .text          0x00005f54       0x3c c:/program files (x86)/cypress/psoc creator/4.4/psoc creator/import/gnu/arm/5.4.1/bin/../lib/gcc/arm-none-eabi/5.4.1/armv6-m\libgcc.a(_clzsi2.o)
                0x00005f54                __clzsi2
 .text.__errno  0x00005f90        0xc c:/program files (x86)/cypress/psoc creator/4.4/psoc creator/import/gnu/arm/5.4.1/bin/../lib/gcc/arm-none-eabi/5.4.1/../../../../arm-none-eabi/lib/armv6-m\libg_nano.a(lib_a-errno.o)
                0x00005f90                __errno
 .text.__libc_init_array
                0x00005f9c       0x4c c:/program files (x86)/cypress/psoc creator/4.4/psoc creator/import/gnu/arm/5.4.1/bin/../lib/gcc/arm-none-eabi/5.4.1/../../../../arm-none-eabi/lib/armv6-m\libg_nano.a(lib_a-init.o)
                0x00005f9c                __libc_init_array
 .text.memset   0x00005fe8       0x10 c:/program files (x86)/cypress/psoc creator/4.4/psoc creator/import/gnu/arm/5.4.1/bin/../lib/gcc/arm-none-eabi/5.4.1/../../../../arm-none-eabi/lib/armv6-m\libg_nano.a(lib_a-memset.o)
                0x00005fe8                memset
 .text.printf   0x00005ff8       0x34 c:/program files (x86)/cypress/psoc creator/4.4/psoc creator/import/gnu/arm/5.4.1/bin/../lib/gcc/arm-none-eabi/5.4.1/../../../../arm-none-eabi/lib/armv6-m\libg_nano.a(lib_a-printf.o)
                0x00005ff8                iprintf
                0x00005ff8                printf
 .text._puts_r  0x0000602c       0xc4 c:/program files (x86)/cypress/psoc creator/4.4/psoc creator/import/gnu/arm/5.4.1/bin/../lib/gcc/arm-none-eabi/5.4.1/../../../../arm-none-eabi/lib/armv6-m\libg_nano.a(lib_a-puts.o)
                0x0000602c                _puts_r
 .text.puts     0x000060f0       0x14 c:/program files (x86)/cypress/psoc creator/4.4/psoc creator/import/gnu/arm/5.4.1/bin/../lib/gcc/arm-none-eabi/5.4.1/../../../../arm-none-eabi/lib/armv6-m\libg_nano.a(lib_a-puts.o)
                0x000060f0                puts
 .text.__swbuf_r
                0x00006104       0xb0 c:/program files (x86)/cypress/psoc creator/4.4/psoc creator/import/gnu/arm/5.4.1/bin/../lib/gcc/arm-none-eabi/5.4.1/../../../../arm-none-eabi/lib/armv6-m\libg_nano.a(lib_a-wbuf.o)
                0x00006104                __swbuf_r
 .text.__swsetup_r
                0x000061b4       0xec c:/program files (x86)/cypress/psoc creator/4.4/psoc creator/import/gnu/arm/5.4.1/bin/../lib/gcc/arm-none-eabi/5.4.1/../../../../arm-none-eabi/lib/armv6-m\libg_nano.a(lib_a-wsetup.o)
                0x000061b4                __swsetup_r
 .text.__sflush_r
                0x000062a0      0x10c c:/program files (x86)/cypress/psoc creator/4.4/psoc creator/import/gnu/arm/5.4.1/bin/../lib/gcc/arm-none-eabi/5.4.1/../../../../arm-none-eabi/lib/armv6-m\libg_nano.a(lib_a-fflush.o)
                0x000062a0                __sflush_r
 .text._fflush_r
                0x000063ac       0x58 c:/program files (x86)/cypress/psoc creator/4.4/psoc creator/import/gnu/arm/5.4.1/bin/../lib/gcc/arm-none-eabi/5.4.1/../../../../arm-none-eabi/lib/armv6-m\libg_nano.a(lib_a-fflush.o)
                0x000063ac                _fflush_r
 .text._cleanup_r
                0x00006404       0x10 c:/program files (x86)/cypress/psoc creator/4.4/psoc creator/import/gnu/arm/5.4.1/bin/../lib/gcc/arm-none-eabi/5.4.1/../../../../arm-none-eabi/lib/armv6-m\libg_nano.a(lib_a-findfp.o)
                0x00006404                _cleanup_r
 .text.std.isra.0
                0x00006414       0x48 c:/program files (x86)/cypress/psoc creator/4.4/psoc creator/import/gnu/arm/5.4.1/bin/../lib/gcc/arm-none-eabi/5.4.1/../../../../arm-none-eabi/lib/armv6-m\libg_nano.a(lib_a-findfp.o)
 .text.__sfmoreglue
                0x0000645c       0x2c c:/program files (x86)/cypress/psoc creator/4.4/psoc creator/import/gnu/arm/5.4.1/bin/../lib/gcc/arm-none-eabi/5.4.1/../../../../arm-none-eabi/lib/armv6-m\libg_nano.a(lib_a-findfp.o)
                0x0000645c                __sfmoreglue
 .text.__sinit  0x00006488       0x68 c:/program files (x86)/cypress/psoc creator/4.4/psoc creator/import/gnu/arm/5.4.1/bin/../lib/gcc/arm-none-eabi/5.4.1/../../../../arm-none-eabi/lib/armv6-m\libg_nano.a(lib_a-findfp.o)
                0x00006488                __sinit
 .text.__sfp    0x000064f0       0x7c c:/program files (x86)/cypress/psoc creator/4.4/psoc creator/import/gnu/arm/5.4.1/bin/../lib/gcc/arm-none-eabi/5.4.1/../../../../arm-none-eabi/lib/armv6-m\libg_nano.a(lib_a-findfp.o)
                0x000064f0                __sfp
 .text._fwalk_reent
                0x0000656c       0x42 c:/program files (x86)/cypress/psoc creator/4.4/psoc creator/import/gnu/arm/5.4.1/bin/../lib/gcc/arm-none-eabi/5.4.1/../../../../arm-none-eabi/lib/armv6-m\libg_nano.a(lib_a-fwalk.o)
                0x0000656c                _fwalk_reent
 *fill*         0x000065ae        0x2 
 .text.__swhatbuf_r
                0x000065b0       0x4c c:/program files (x86)/cypress/psoc creator/4.4/psoc creator/import/gnu/arm/5.4.1/bin/../lib/gcc/arm-none-eabi/5.4.1/../../../../arm-none-eabi/lib/armv6-m\libg_nano.a(lib_a-makebuf.o)
                0x000065b0                __swhatbuf_r
 .text.__smakebuf_r
                0x000065fc       0x7c c:/program files (x86)/cypress/psoc creator/4.4/psoc creator/import/gnu/arm/5.4.1/bin/../lib/gcc/arm-none-eabi/5.4.1/../../../../arm-none-eabi/lib/armv6-m\libg_nano.a(lib_a-makebuf.o)
                0x000065fc                __smakebuf_r
 .text._free_r  0x00006678       0x98 c:/program files (x86)/cypress/psoc creator/4.4/psoc creator/import/gnu/arm/5.4.1/bin/../lib/gcc/arm-none-eabi/5.4.1/../../../../arm-none-eabi/lib/armv6-m\libg_nano.a(lib_a-nano-freer.o)
                0x00006678                _free_r
 .text._malloc_r
                0x00006710       0xc0 c:/program files (x86)/cypress/psoc creator/4.4/psoc creator/import/gnu/arm/5.4.1/bin/../lib/gcc/arm-none-eabi/5.4.1/../../../../arm-none-eabi/lib/armv6-m\libg_nano.a(lib_a-nano-mallocr.o)
                0x00006710                _malloc_r
 .text.__sfputc_r
                0x000067d0       0x2a c:/program files (x86)/cypress/psoc creator/4.4/psoc creator/import/gnu/arm/5.4.1/bin/../lib/gcc/arm-none-eabi/5.4.1/../../../../arm-none-eabi/lib/armv6-m\libg_nano.a(lib_a-nano-vfprintf.o)
 .text.__sfputs_r
                0x000067fa       0x24 c:/program files (x86)/cypress/psoc creator/4.4/psoc creator/import/gnu/arm/5.4.1/bin/../lib/gcc/arm-none-eabi/5.4.1/../../../../arm-none-eabi/lib/armv6-m\libg_nano.a(lib_a-nano-vfprintf.o)
                0x000067fa                __sfputs_r
 *fill*         0x0000681e        0x2 
 .text._vfprintf_r
                0x00006820      0x238 c:/program files (x86)/cypress/psoc creator/4.4/psoc creator/import/gnu/arm/5.4.1/bin/../lib/gcc/arm-none-eabi/5.4.1/../../../../arm-none-eabi/lib/armv6-m\libg_nano.a(lib_a-nano-vfprintf.o)
                0x00006820                _vfprintf_r
                0x00006820                _vfiprintf_r
 .text._printf_common
                0x00006a58       0xdc c:/program files (x86)/cypress/psoc creator/4.4/psoc creator/import/gnu/arm/5.4.1/bin/../lib/gcc/arm-none-eabi/5.4.1/../../../../arm-none-eabi/lib/armv6-m\libg_nano.a(lib_a-nano-vfprintf_i.o)
                0x00006a58                _printf_common
 .text._printf_i
                0x00006b34      0x244 c:/program files (x86)/cypress/psoc creator/4.4/psoc creator/import/gnu/arm/5.4.1/bin/../lib/gcc/arm-none-eabi/5.4.1/../../../../arm-none-eabi/lib/armv6-m\libg_nano.a(lib_a-nano-vfprintf_i.o)
                0x00006b34                _printf_i
 .text._sbrk_r  0x00006d78       0x24 c:/program files (x86)/cypress/psoc creator/4.4/psoc creator/import/gnu/arm/5.4.1/bin/../lib/gcc/arm-none-eabi/5.4.1/../../../../arm-none-eabi/lib/armv6-m\libg_nano.a(lib_a-sbrkr.o)
                0x00006d78                _sbrk_r
 .text.__sread  0x00006d9c       0x28 c:/program files (x86)/cypress/psoc creator/4.4/psoc creator/import/gnu/arm/5.4.1/bin/../lib/gcc/arm-none-eabi/5.4.1/../../../../arm-none-eabi/lib/armv6-m\libg_nano.a(lib_a-stdio.o)
                0x00006d9c                __sread
 .text.__swrite
                0x00006dc4       0x38 c:/program files (x86)/cypress/psoc creator/4.4/psoc creator/import/gnu/arm/5.4.1/bin/../lib/gcc/arm-none-eabi/5.4.1/../../../../arm-none-eabi/lib/armv6-m\libg_nano.a(lib_a-stdio.o)
                0x00006dc4                __swrite
 .text.__sseek  0x00006dfc       0x2c c:/program files (x86)/cypress/psoc creator/4.4/psoc creator/import/gnu/arm/5.4.1/bin/../lib/gcc/arm-none-eabi/5.4.1/../../../../arm-none-eabi/lib/armv6-m\libg_nano.a(lib_a-stdio.o)
                0x00006dfc                __sseek
 .text.__sclose
                0x00006e28        0xc c:/program files (x86)/cypress/psoc creator/4.4/psoc creator/import/gnu/arm/5.4.1/bin/../lib/gcc/arm-none-eabi/5.4.1/../../../../arm-none-eabi/lib/armv6-m\libg_nano.a(lib_a-stdio.o)
                0x00006e28                __sclose
 .text._write_r
                0x00006e34       0x28 c:/program files (x86)/cypress/psoc creator/4.4/psoc creator/import/gnu/arm/5.4.1/bin/../lib/gcc/arm-none-eabi/5.4.1/../../../../arm-none-eabi/lib/armv6-m\libg_nano.a(lib_a-writer.o)
                0x00006e34                _write_r
 .text._close_r
                0x00006e5c       0x24 c:/program files (x86)/cypress/psoc creator/4.4/psoc creator/import/gnu/arm/5.4.1/bin/../lib/gcc/arm-none-eabi/5.4.1/../../../../arm-none-eabi/lib/armv6-m\libg_nano.a(lib_a-closer.o)
                0x00006e5c                _close_r
 .text._fstat_r
                0x00006e80       0x24 c:/program files (x86)/cypress/psoc creator/4.4/psoc creator/import/gnu/arm/5.4.1/bin/../lib/gcc/arm-none-eabi/5.4.1/../../../../arm-none-eabi/lib/armv6-m\libg_nano.a(lib_a-fstatr.o)
                0x00006e80                _fstat_r
 .text._isatty_r
                0x00006ea4       0x24 c:/program files (x86)/cypress/psoc creator/4.4/psoc creator/import/gnu/arm/5.4.1/bin/../lib/gcc/arm-none-eabi/5.4.1/../../../../arm-none-eabi/lib/armv6-m\libg_nano.a(lib_a-isattyr.o)
                0x00006ea4                _isatty_r
 .text._lseek_r
                0x00006ec8       0x28 c:/program files (x86)/cypress/psoc creator/4.4/psoc creator/import/gnu/arm/5.4.1/bin/../lib/gcc/arm-none-eabi/5.4.1/../../../../arm-none-eabi/lib/armv6-m\libg_nano.a(lib_a-lseekr.o)
                0x00006ec8                _lseek_r
 .text.memchr   0x00006ef0       0x16 c:/program files (x86)/cypress/psoc creator/4.4/psoc creator/import/gnu/arm/5.4.1/bin/../lib/gcc/arm-none-eabi/5.4.1/../../../../arm-none-eabi/lib/armv6-m\libg_nano.a(lib_a-memchr-stub.o)
                0x00006ef0                memchr
 .text.__malloc_lock
                0x00006f06        0x2 c:/program files (x86)/cypress/psoc creator/4.4/psoc creator/import/gnu/arm/5.4.1/bin/../lib/gcc/arm-none-eabi/5.4.1/../../../../arm-none-eabi/lib/armv6-m\libg_nano.a(lib_a-mlock.o)
                0x00006f06                __malloc_lock
 .text.__malloc_unlock
                0x00006f08        0x2 c:/program files (x86)/cypress/psoc creator/4.4/psoc creator/import/gnu/arm/5.4.1/bin/../lib/gcc/arm-none-eabi/5.4.1/../../../../arm-none-eabi/lib/armv6-m\libg_nano.a(lib_a-mlock.o)
                0x00006f08                __malloc_unlock
 *fill*         0x00006f0a        0x2 
 .text._read_r  0x00006f0c       0x28 c:/program files (x86)/cypress/psoc creator/4.4/psoc creator/import/gnu/arm/5.4.1/bin/../lib/gcc/arm-none-eabi/5.4.1/../../../../arm-none-eabi/lib/armv6-m\libg_nano.a(lib_a-readr.o)
                0x00006f0c                _read_r
 .text._close   0x00006f34       0x10 c:/program files (x86)/cypress/psoc creator/4.4/psoc creator/import/gnu/arm/5.4.1/bin/../lib/gcc/arm-none-eabi/5.4.1/../../../../arm-none-eabi/lib/armv6-m\libnosys.a(close.o)
                0x00006f34                _close
 .text._fstat   0x00006f44       0x10 c:/program files (x86)/cypress/psoc creator/4.4/psoc creator/import/gnu/arm/5.4.1/bin/../lib/gcc/arm-none-eabi/5.4.1/../../../../arm-none-eabi/lib/armv6-m\libnosys.a(fstat.o)
                0x00006f44                _fstat
 .text._isatty  0x00006f54       0x10 c:/program files (x86)/cypress/psoc creator/4.4/psoc creator/import/gnu/arm/5.4.1/bin/../lib/gcc/arm-none-eabi/5.4.1/../../../../arm-none-eabi/lib/armv6-m\libnosys.a(isatty.o)
                0x00006f54                _isatty
 .text._lseek   0x00006f64       0x10 c:/program files (x86)/cypress/psoc creator/4.4/psoc creator/import/gnu/arm/5.4.1/bin/../lib/gcc/arm-none-eabi/5.4.1/../../../../arm-none-eabi/lib/armv6-m\libnosys.a(lseek.o)
                0x00006f64                _lseek
 .text._read    0x00006f74       0x10 c:/program files (x86)/cypress/psoc creator/4.4/psoc creator/import/gnu/arm/5.4.1/bin/../lib/gcc/arm-none-eabi/5.4.1/../../../../arm-none-eabi/lib/armv6-m\libnosys.a(read.o)
                0x00006f74                _read
 *(.plt)
 *(.gnu.warning)
 *(.glue_7t)
 .glue_7t       0x00006f84        0x0 linker stubs
 *(.glue_7)
 .glue_7        0x00006f84        0x0 linker stubs
 *(.vfp11_veneer)
 .vfp11_veneer  0x00006f84        0x0 linker stubs
 *(.bootloader)
 *(.ARM.extab* .gnu.linkonce.armextab.*)
 *(.gcc_except_table)

.v4_bx          0x00006f84        0x0
 .v4_bx         0x00006f84        0x0 linker stubs

.iplt           0x00006f84        0x0
 .iplt          0x00006f84        0x0 c:/program files (x86)/cypress/psoc creator/4.4/psoc creator/import/gnu/arm/5.4.1/bin/../lib/gcc/arm-none-eabi/5.4.1/armv6-m/crtbegin.o

.eh_frame_hdr
 *(.eh_frame_hdr)

.eh_frame       0x00006f84        0x4
 *(.eh_frame)
 .eh_frame      0x00006f84        0x0 c:/program files (x86)/cypress/psoc creator/4.4/psoc creator/import/gnu/arm/5.4.1/bin/../lib/gcc/arm-none-eabi/5.4.1/armv6-m/crtbegin.o
 .eh_frame      0x00006f84        0x4 c:/program files (x86)/cypress/psoc creator/4.4/psoc creator/import/gnu/arm/5.4.1/bin/../lib/gcc/arm-none-eabi/5.4.1/armv6-m/crtend.o
                [!provide]                PROVIDE (__exidx_start, .)

.ARM.exidx
 *(.ARM.exidx* .gnu.linkonce.armexidx.*)
                0x00006f88                __exidx_end = .

.rodata         0x00006f88      0x3e0
 *(.rodata .rodata.* .gnu.linkonce.r.*)
 .rodata        0x00006f88       0x9c .\CortexM0\ARM_GCC_541\Debug\main.o
 .rodata.str1.4
                0x00007024       0xb1 .\CortexM0\ARM_GCC_541\Debug\main.o
 *fill*         0x000070d5        0x3 
 .rodata        0x000070d8       0x34 .\CortexM0\ARM_GCC_541\Debug\cyfitter_cfg.o
 .rodata        0x0000710c       0x2e .\CortexM0\ARM_GCC_541\Debug\VariabeGain Mic.a(CyLib.o)
                0x0000710c                cyImoFreqMhz2Reg
 *fill*         0x0000713a        0x2 
 .rodata.str1.4
                0x0000713c        0x6 c:/program files (x86)/cypress/psoc creator/4.4/psoc creator/import/gnu/arm/5.4.1/bin/../lib/gcc/arm-none-eabi/5.4.1/../../../../arm-none-eabi/lib/armv6-m\libm.a(lib_a-w_log10.o)
                                  0x9 (size before relaxing)
 *fill*         0x00007142        0x2 
 .rodata.str1.4
                0x00007144        0x4 c:/program files (x86)/cypress/psoc creator/4.4/psoc creator/import/gnu/arm/5.4.1/bin/../lib/gcc/arm-none-eabi/5.4.1/../../../../arm-none-eabi/lib/armv6-m\libm.a(lib_a-w_pow.o)
 .rodata.str1.4
                0x00007148        0x1 c:/program files (x86)/cypress/psoc creator/4.4/psoc creator/import/gnu/arm/5.4.1/bin/../lib/gcc/arm-none-eabi/5.4.1/../../../../arm-none-eabi/lib/armv6-m\libm.a(lib_a-e_pow.o)
 .rodata.TWO52  0x00007148       0x10 c:/program files (x86)/cypress/psoc creator/4.4/psoc creator/import/gnu/arm/5.4.1/bin/../lib/gcc/arm-none-eabi/5.4.1/../../../../arm-none-eabi/lib/armv6-m\libm.a(lib_a-s_rint.o)
 .rodata        0x00007158       0x80 c:/program files (x86)/cypress/psoc creator/4.4/psoc creator/import/gnu/arm/5.4.1/bin/../lib/gcc/arm-none-eabi/5.4.1/armv6-m\libgcc.a(divsf3.o)
 .rodata        0x000071d8       0x40 c:/program files (x86)/cypress/psoc creator/4.4/psoc creator/import/gnu/arm/5.4.1/bin/../lib/gcc/arm-none-eabi/5.4.1/armv6-m\libgcc.a(mulsf3.o)
 .rodata        0x00007218       0x40 c:/program files (x86)/cypress/psoc creator/4.4/psoc creator/import/gnu/arm/5.4.1/bin/../lib/gcc/arm-none-eabi/5.4.1/armv6-m\libgcc.a(divdf3.o)
 .rodata        0x00007258       0x40 c:/program files (x86)/cypress/psoc creator/4.4/psoc creator/import/gnu/arm/5.4.1/bin/../lib/gcc/arm-none-eabi/5.4.1/armv6-m\libgcc.a(muldf3.o)
 .rodata.str1.1
                0x00007298        0x2 c:/program files (x86)/cypress/psoc creator/4.4/psoc creator/import/gnu/arm/5.4.1/bin/../lib/gcc/arm-none-eabi/5.4.1/../../../../arm-none-eabi/lib/armv6-m\libg_nano.a(lib_a-impure.o)
 *fill*         0x0000729a        0x2 
 .rodata._global_impure_ptr
                0x0000729c        0x4 c:/program files (x86)/cypress/psoc creator/4.4/psoc creator/import/gnu/arm/5.4.1/bin/../lib/gcc/arm-none-eabi/5.4.1/../../../../arm-none-eabi/lib/armv6-m\libg_nano.a(lib_a-impure.o)
                0x0000729c                _global_impure_ptr
 .rodata.__sf_fake_stdin
                0x000072a0       0x20 c:/program files (x86)/cypress/psoc creator/4.4/psoc creator/import/gnu/arm/5.4.1/bin/../lib/gcc/arm-none-eabi/5.4.1/../../../../arm-none-eabi/lib/armv6-m\libg_nano.a(lib_a-findfp.o)
                0x000072a0                __sf_fake_stdin
 .rodata.__sf_fake_stdout
                0x000072c0       0x20 c:/program files (x86)/cypress/psoc creator/4.4/psoc creator/import/gnu/arm/5.4.1/bin/../lib/gcc/arm-none-eabi/5.4.1/../../../../arm-none-eabi/lib/armv6-m\libg_nano.a(lib_a-findfp.o)
                0x000072c0                __sf_fake_stdout
 .rodata.__sf_fake_stderr
                0x000072e0       0x20 c:/program files (x86)/cypress/psoc creator/4.4/psoc creator/import/gnu/arm/5.4.1/bin/../lib/gcc/arm-none-eabi/5.4.1/../../../../arm-none-eabi/lib/armv6-m\libg_nano.a(lib_a-findfp.o)
                0x000072e0                __sf_fake_stderr
 .rodata.str1.1
                0x00007300       0x11 c:/program files (x86)/cypress/psoc creator/4.4/psoc creator/import/gnu/arm/5.4.1/bin/../lib/gcc/arm-none-eabi/5.4.1/../../../../arm-none-eabi/lib/armv6-m\libg_nano.a(lib_a-nano-vfprintf.o)
 .rodata.str1.1
                0x00007311       0x22 c:/program files (x86)/cypress/psoc creator/4.4/psoc creator/import/gnu/arm/5.4.1/bin/../lib/gcc/arm-none-eabi/5.4.1/../../../../arm-none-eabi/lib/armv6-m\libg_nano.a(lib_a-nano-vfprintf_i.o)
                0x00007334                . = ALIGN (0x4)
 *fill*         0x00007333        0x1 
 *(.init)
 .init          0x00007334        0x4 c:/program files (x86)/cypress/psoc creator/4.4/psoc creator/import/gnu/arm/5.4.1/bin/../lib/gcc/arm-none-eabi/5.4.1/armv6-m/crti.o
                0x00007334                _init
 .init          0x00007338        0x8 c:/program files (x86)/cypress/psoc creator/4.4/psoc creator/import/gnu/arm/5.4.1/bin/../lib/gcc/arm-none-eabi/5.4.1/armv6-m/crtn.o
                0x00007340                . = ALIGN (0x4)
                0x00007340                __preinit_array_start = .
 *(.preinit_array)
                0x00007340                __preinit_array_end = .
                0x00007340                . = ALIGN (0x4)
                0x00007340                __init_array_start = .
 *(SORT(.init_array.*))
 *(.init_array)
 .init_array    0x00007340        0x4 c:/program files (x86)/cypress/psoc creator/4.4/psoc creator/import/gnu/arm/5.4.1/bin/../lib/gcc/arm-none-eabi/5.4.1/armv6-m/crtbegin.o
 .init_array    0x00007344        0x4 .\CortexM0\ARM_GCC_541\Debug\Cm0Start.o
                0x00007348                __init_array_end = .
                0x00007348                . = ALIGN (0x4)
 *(.fini)
 .fini          0x00007348        0x4 c:/program files (x86)/cypress/psoc creator/4.4/psoc creator/import/gnu/arm/5.4.1/bin/../lib/gcc/arm-none-eabi/5.4.1/armv6-m/crti.o
                0x00007348                _fini
 .fini          0x0000734c        0x8 c:/program files (x86)/cypress/psoc creator/4.4/psoc creator/import/gnu/arm/5.4.1/bin/../lib/gcc/arm-none-eabi/5.4.1/armv6-m/crtn.o
                0x00007354                . = ALIGN (0x4)
                0x00007354                __fini_array_start = .
 *(.fini_array)
 .fini_array    0x00007354        0x4 c:/program files (x86)/cypress/psoc creator/4.4/psoc creator/import/gnu/arm/5.4.1/bin/../lib/gcc/arm-none-eabi/5.4.1/armv6-m/crtbegin.o
 *(SORT(.fini_array.*))
                0x00007358                __fini_array_end = .
                0x00007358                . = ALIGN (0x4)
 *crtbegin.o(.ctors)
 *(EXCLUDE_FILE(*crtend.o) .ctors)
 *(SORT(.ctors.*))
 *crtend.o(.ctors)
                0x00007358                . = ALIGN (0x4)
 *crtbegin.o(.dtors)
 *(EXCLUDE_FILE(*crtend.o) .dtors)
 *(SORT(.dtors.*))
 *crtend.o(.dtors)
                0x00007358                . = ALIGN (0x4)
                0x00007358                __cy_regions = .
                0x00007358        0x4 LONG 0x7368 __cy_region_init_ram
                0x0000735c        0x4 LONG 0x200000c0 __cy_region_start_data
                0x00007360        0x4 LONG 0xa0 __cy_region_init_size_ram
                0x00007364        0x4 LONG 0x100 __cy_region_zero_size_ram
                0x00007368                __cy_regions_end = .
                0x00007368                . = ALIGN (0x8)
                0x00007368                _etext = .

.cy_checksum_exclude
                0x00007368        0x0
 *(.cy_checksum_exclude)

.ramvectors     0x20000000       0xc0
                0x20000000                __cy_region_start_ram = .
 *(.ramvectors)
 .ramvectors    0x20000000       0xc0 .\CortexM0\ARM_GCC_541\Debug\Cm0Start.o
                0x20000000                CyRamVectors

.noinit
 *(.noinit)

.data           0x200000c0       0xa0 load address 0x00007368
                0x200000c0                __cy_region_start_data = .
 *(.jcr)
 .jcr           0x200000c0        0x0 c:/program files (x86)/cypress/psoc creator/4.4/psoc creator/import/gnu/arm/5.4.1/bin/../lib/gcc/arm-none-eabi/5.4.1/armv6-m/crtbegin.o
 .jcr           0x200000c0        0x4 c:/program files (x86)/cypress/psoc creator/4.4/psoc creator/import/gnu/arm/5.4.1/bin/../lib/gcc/arm-none-eabi/5.4.1/armv6-m/crtend.o
 *(.got.plt)
 *(.got)
 *(.shdata)
 *(.data .data.* .gnu.linkonce.d.*)
 .data          0x200000c4       0x14 .\CortexM0\ARM_GCC_541\Debug\main.o
                0x200000c4                VmM_RT
                0x200000c8                VmM_RW
                0x200000cc                VmM_RC
                0x200000d0                Max_dB_val
                0x200000d4                Min_dB_val
 .data          0x200000d8        0x4 .\CortexM0\ARM_GCC_541\Debug\Cm0Start.o
 .data          0x200000dc       0x14 .\CortexM0\ARM_GCC_541\Debug\VariabeGain Mic.a(CyLib.o)
                0x200000dc                CySysClkPumpConfig
                0x200000e0                cydelay32kMs
                0x200000e4                cydelayFreqKhz
                0x200000e8                cydelayFreqMhz
                0x200000ec                cydelayFreqHz
 .data          0x200000f0        0x8 .\CortexM0\ARM_GCC_541\Debug\VariabeGain Mic.a(CyLFClk.o)
 .data.__fdlib_version
                0x200000f8        0x1 c:/program files (x86)/cypress/psoc creator/4.4/psoc creator/import/gnu/arm/5.4.1/bin/../lib/gcc/arm-none-eabi/5.4.1/../../../../arm-none-eabi/lib/armv6-m\libm.a(lib_a-s_lib_ver.o)
                0x200000f8                __fdlib_version
 *fill*         0x200000f9        0x3 
 .data.impure_data
                0x200000fc       0x60 c:/program files (x86)/cypress/psoc creator/4.4/psoc creator/import/gnu/arm/5.4.1/bin/../lib/gcc/arm-none-eabi/5.4.1/../../../../arm-none-eabi/lib/armv6-m\libg_nano.a(lib_a-impure.o)
 .data._impure_ptr
                0x2000015c        0x4 c:/program files (x86)/cypress/psoc creator/4.4/psoc creator/import/gnu/arm/5.4.1/bin/../lib/gcc/arm-none-eabi/5.4.1/../../../../arm-none-eabi/lib/armv6-m\libg_nano.a(lib_a-impure.o)
                0x2000015c                _impure_ptr
                0x20000160                . = ALIGN (0x8)
 *(.ram)
                0x20000160                _edata = .

.igot.plt       0x20000160        0x0 load address 0x00007408
 .igot.plt      0x20000160        0x0 c:/program files (x86)/cypress/psoc creator/4.4/psoc creator/import/gnu/arm/5.4.1/bin/../lib/gcc/arm-none-eabi/5.4.1/armv6-m/crtbegin.o

.bss            0x20000160      0x100 load address 0x00007408
                0x20000160                PROVIDE (__bss_start__, .)
 *(.shbss)
 *(.bss .bss.* .gnu.linkonce.b.*)
 .bss           0x20000160       0x1c c:/program files (x86)/cypress/psoc creator/4.4/psoc creator/import/gnu/arm/5.4.1/bin/../lib/gcc/arm-none-eabi/5.4.1/armv6-m/crtbegin.o
 .bss           0x2000017c        0x8 .\CortexM0\ARM_GCC_541\Debug\VariabeGain Mic.a(I2CM.o)
                0x2000017c                I2CM_initVar
                0x20000180                I2CM_customIntrHandler
 .bss           0x20000184        0x4 .\CortexM0\ARM_GCC_541\Debug\VariabeGain Mic.a(UART.o)
                0x20000184                UART_initVar
                0x20000186                UART_IntrTxMask
 .bss           0x20000188       0x28 .\CortexM0\ARM_GCC_541\Debug\VariabeGain Mic.a(CyLFClk.o)
 .bss           0x200001b0        0x1 .\CortexM0\ARM_GCC_541\Debug\VariabeGain Mic.a(ADC.o)
                0x200001b0                ADC_initVar
 *fill*         0x200001b1        0x3 
 .bss.__malloc_sbrk_start
                0x200001b4        0x4 c:/program files (x86)/cypress/psoc creator/4.4/psoc creator/import/gnu/arm/5.4.1/bin/../lib/gcc/arm-none-eabi/5.4.1/../../../../arm-none-eabi/lib/armv6-m\libg_nano.a(lib_a-nano-mallocr.o)
                0x200001b4                __malloc_sbrk_start
 .bss.__malloc_free_list
                0x200001b8        0x4 c:/program files (x86)/cypress/psoc creator/4.4/psoc creator/import/gnu/arm/5.4.1/bin/../lib/gcc/arm-none-eabi/5.4.1/../../../../arm-none-eabi/lib/armv6-m\libg_nano.a(lib_a-nano-mallocr.o)
                0x200001b8                __malloc_free_list
 *(COMMON)
 *fill*         0x200001bc        0x4 
 COMMON         0x200001c0       0x6c .\CortexM0\ARM_GCC_541\Debug\main.o
                0x200001c0                d_bit
                0x200001c4                D_1
                0x200001c8                VmM_NGain_1dB
                0x200001d0                Gain_dB_val
                0x200001d4                ND_2
                0x200001d8                VmM_RWB
                0x200001e0                VmM_RAW
                0x200001e8                read_data
                0x200001ec                VmM_read_data
                0x200001f0                D2
                0x200001f8                addr
                0x200001fc                txbuffer
                0x20000204                D_2
                0x20000205                count
                0x20000206                ND_1
                0x20000208                VmM_Gain_1dB
                0x20000210                VmM_NGain_dB
                0x20000218                VmM_NGain
                0x20000220                NGain_dB_val
                0x20000224                rxbuffer
 COMMON         0x2000022c        0x1 .\CortexM0\ARM_GCC_541\Debug\VariabeGain Mic.a(I2CM_I2C.o)
                0x2000022c                I2CM_state
 *fill*         0x2000022d        0x3 
 COMMON         0x20000230       0x24 .\CortexM0\ARM_GCC_541\Debug\VariabeGain Mic.a(I2CM_I2C_MASTER.o)
                0x20000230                I2CM_mstrRdBufPtr
                0x20000234                I2CM_mstrWrBufPtr
                0x20000238                I2CM_mstrRdBufIndex
                0x2000023c                I2CM_mstrStatus
                0x20000240                I2CM_mstrWrBufIndex
                0x20000244                I2CM_mstrControl
                0x20000248                I2CM_mstrWrBufIndexTmp
                0x2000024c                I2CM_mstrRdBufSize
                0x20000250                I2CM_mstrWrBufSize
 COMMON         0x20000254        0x6 .\CortexM0\ARM_GCC_541\Debug\VariabeGain Mic.a(ADC.o)
                0x20000254                ADC_countsPer10Volt
                0x20000258                ADC_offset
 *fill*         0x2000025a        0x2 
 COMMON         0x2000025c        0x4 c:/program files (x86)/cypress/psoc creator/4.4/psoc creator/import/gnu/arm/5.4.1/bin/../lib/gcc/arm-none-eabi/5.4.1/../../../../arm-none-eabi/lib/armv6-m\libg_nano.a(lib_a-reent.o)
                0x2000025c                errno
                0x20000260                . = ALIGN (0x8)
 *(.ram.b)
                0x20000260                _end = .
                0x20000260                __end = .
                0x20000260                PROVIDE (end, .)
                0x20000260                PROVIDE (__bss_end__, .)
                0x00007368                __cy_region_init_ram = LOADADDR (.data)
                0x000000a0                __cy_region_init_size_ram = (_edata - ADDR (.data))
                0x00000100                __cy_region_zero_size_ram = (_end - _edata)

.heap           0x20000260      0x200 load address 0x00007408
                0x20000260                . = _end
                0x20000460                . = (. + 0x200)
 *fill*         0x20000260      0x200 
                0x20000460                __cy_heap_limit = .

.stack          0x20003800      0x800
                0x20003800                __cy_stack_limit = .
                0x20004000                . = (. + 0x800)
 *fill*         0x20003800      0x800 
                0x00000001                ASSERT ((__cy_stack_limit >= __cy_heap_limit), region RAM overflowed with stack)
                0x00000000                cy_checksum_exclude_size = (CY_APPL_LOADABLE == 0x1)?SIZEOF (.cy_checksum_exclude):0x0
                0x00000001                ASSERT ((cy_checksum_exclude_size <= CY_CHECKSUM_EXCLUDE_SIZE), CY_BOOT: Section .cy_checksum_exclude size exceedes specified limit.)
                0x0001ffc0                cyloadermeta_start = (cy_project_type_bootloader || cy_project_type_app_for_stack_and_copier)?(LENGTH (rom) - CY_METADATA_SIZE):0xf0000000

.cyloadermeta
 *(.cyloadermeta)
                0x0001ffc0                cyloadablemeta_start = cy_project_type_app_for_stack_and_copier?((LENGTH (rom) - CY_FLASH_ROW_SIZE) - CY_METADATA_SIZE):((LENGTH (rom) - (CY_FLASH_ROW_SIZE * (CY_APPL_NUM - 0x1))) - CY_METADATA_SIZE)

.cyloadablemeta
 *(.cyloadablemeta)

.cyflashprotect
                0x90400000       0x80
 *(.cyflashprotect)
 .cyflashprotect
                0x90400000       0x80 .\CortexM0\ARM_GCC_541\Debug\cymetadata.o
                0x90400000                cy_meta_flashprotect

.cymeta         0x90500000        0xc
 *(.cymeta)
 .cymeta        0x90500000        0xc .\CortexM0\ARM_GCC_541\Debug\cymetadata.o
                0x90500000                cy_metadata

.cychipprotect  0x90600000        0x1
 *(.cychipprotect)
 .cychipprotect
                0x90600000        0x1 .\CortexM0\ARM_GCC_541\Debug\cymetadata.o
                0x90600000                cy_meta_chipprotect

.rel.dyn        0x00007408        0x0 load address 0x90600004
 .rel.iplt      0x00007408        0x0 c:/program files (x86)/cypress/psoc creator/4.4/psoc creator/import/gnu/arm/5.4.1/bin/../lib/gcc/arm-none-eabi/5.4.1/armv6-m/crtbegin.o

.stab           0x00000000       0x84
 *(.stab)
 .stab          0x00000000       0x24 c:/program files (x86)/cypress/psoc creator/4.4/psoc creator/import/gnu/arm/5.4.1/bin/../lib/gcc/arm-none-eabi/5.4.1/../../../../arm-none-eabi/lib/armv6-m\libnosys.a(close.o)
 .stab          0x00000024       0x18 c:/program files (x86)/cypress/psoc creator/4.4/psoc creator/import/gnu/arm/5.4.1/bin/../lib/gcc/arm-none-eabi/5.4.1/../../../../arm-none-eabi/lib/armv6-m\libnosys.a(fstat.o)
                                 0x24 (size before relaxing)
 .stab          0x0000003c       0x18 c:/program files (x86)/cypress/psoc creator/4.4/psoc creator/import/gnu/arm/5.4.1/bin/../lib/gcc/arm-none-eabi/5.4.1/../../../../arm-none-eabi/lib/armv6-m\libnosys.a(isatty.o)
                                 0x24 (size before relaxing)
 .stab          0x00000054       0x18 c:/program files (x86)/cypress/psoc creator/4.4/psoc creator/import/gnu/arm/5.4.1/bin/../lib/gcc/arm-none-eabi/5.4.1/../../../../arm-none-eabi/lib/armv6-m\libnosys.a(lseek.o)
                                 0x24 (size before relaxing)
 .stab          0x0000006c       0x18 c:/program files (x86)/cypress/psoc creator/4.4/psoc creator/import/gnu/arm/5.4.1/bin/../lib/gcc/arm-none-eabi/5.4.1/../../../../arm-none-eabi/lib/armv6-m\libnosys.a(read.o)
                                 0x24 (size before relaxing)

.stabstr        0x00000000      0x117
 *(.stabstr)
 .stabstr       0x00000000      0x117 c:/program files (x86)/cypress/psoc creator/4.4/psoc creator/import/gnu/arm/5.4.1/bin/../lib/gcc/arm-none-eabi/5.4.1/../../../../arm-none-eabi/lib/armv6-m\libnosys.a(close.o)

.debug
 *(.debug)

.line
 *(.line)

.debug_srcinfo
 *(.debug_srcinfo)

.debug_sfnames
 *(.debug_sfnames)

.debug_aranges  0x00000000      0x9e0
 *(.debug_aranges)
 .debug_aranges
                0x00000000       0xc8 .\CortexM0\ARM_GCC_541\Debug\main.o
 .debug_aranges
                0x000000c8       0x48 .\CortexM0\ARM_GCC_541\Debug\cyfitter_cfg.o
 .debug_aranges
                0x00000110       0x18 .\CortexM0\ARM_GCC_541\Debug\cymetadata.o
 .debug_aranges
                0x00000128       0x48 .\CortexM0\ARM_GCC_541\Debug\Cm0Start.o
 .debug_aranges
                0x00000170       0x60 .\CortexM0\ARM_GCC_541\Debug\VariabeGain Mic.a(I2CM.o)
 .debug_aranges
                0x000001d0       0x30 .\CortexM0\ARM_GCC_541\Debug\VariabeGain Mic.a(I2CM_I2C.o)
 .debug_aranges
                0x00000200       0x98 .\CortexM0\ARM_GCC_541\Debug\VariabeGain Mic.a(I2CM_I2C_MASTER.o)
 .debug_aranges
                0x00000298       0x58 .\CortexM0\ARM_GCC_541\Debug\VariabeGain Mic.a(UART.o)
 .debug_aranges
                0x000002f0       0x60 .\CortexM0\ARM_GCC_541\Debug\VariabeGain Mic.a(UART_SPI_UART.o)
 .debug_aranges
                0x00000350       0x90 .\CortexM0\ARM_GCC_541\Debug\VariabeGain Mic.a(UART_UART.o)
 .debug_aranges
                0x000003e0      0x1c8 .\CortexM0\ARM_GCC_541\Debug\VariabeGain Mic.a(CyLib.o)
 .debug_aranges
                0x000005a8      0x188 .\CortexM0\ARM_GCC_541\Debug\VariabeGain Mic.a(CyLFClk.o)
 .debug_aranges
                0x00000730       0x48 .\CortexM0\ARM_GCC_541\Debug\VariabeGain Mic.a(CTRL.o)
 .debug_aranges
                0x00000778       0xa8 .\CortexM0\ARM_GCC_541\Debug\VariabeGain Mic.a(ADC.o)
 .debug_aranges
                0x00000820       0x20 .\CortexM0\ARM_GCC_541\Debug\VariabeGain Mic.a(ADC_INT.o)
 .debug_aranges
                0x00000840       0x48 .\CortexM0\ARM_GCC_541\Debug\VariabeGain Mic.a(S3.o)
 .debug_aranges
                0x00000888       0x48 .\CortexM0\ARM_GCC_541\Debug\VariabeGain Mic.a(S2.o)
 .debug_aranges
                0x000008d0       0x48 .\CortexM0\ARM_GCC_541\Debug\VariabeGain Mic.a(S1.o)
 .debug_aranges
                0x00000918       0x48 .\CortexM0\ARM_GCC_541\Debug\VariabeGain Mic.a(S0.o)
 .debug_aranges
                0x00000960       0x20 .\CortexM0\ARM_GCC_541\Debug\VariabeGain Mic.a(CyBootAsmGnu.o)
 .debug_aranges
                0x00000980       0x20 .\CortexM0\ARM_GCC_541\Debug\VariabeGain Mic.a(I2CM_I2C_INT.o)
 .debug_aranges
                0x000009a0       0x40 .\CortexM0\ARM_GCC_541\Debug\VariabeGain Mic.a(CyFlash.o)

.debug_pubnames
 *(.debug_pubnames)

.debug_info     0x00000000     0x6005
 *(.debug_info .gnu.linkonce.wi.*)
 .debug_info    0x00000000     0x117f .\CortexM0\ARM_GCC_541\Debug\main.o
 .debug_info    0x0000117f      0x405 .\CortexM0\ARM_GCC_541\Debug\cyfitter_cfg.o
 .debug_info    0x00001584       0xf8 .\CortexM0\ARM_GCC_541\Debug\cymetadata.o
 .debug_info    0x0000167c      0x3a2 .\CortexM0\ARM_GCC_541\Debug\Cm0Start.o
 .debug_info    0x00001a1e      0x298 .\CortexM0\ARM_GCC_541\Debug\VariabeGain Mic.a(I2CM.o)
 .debug_info    0x00001cb6      0x195 .\CortexM0\ARM_GCC_541\Debug\VariabeGain Mic.a(I2CM_I2C.o)
 .debug_info    0x00001e4b      0x813 .\CortexM0\ARM_GCC_541\Debug\VariabeGain Mic.a(I2CM_I2C_MASTER.o)
 .debug_info    0x0000265e      0x23a .\CortexM0\ARM_GCC_541\Debug\VariabeGain Mic.a(UART.o)
 .debug_info    0x00002898      0x220 .\CortexM0\ARM_GCC_541\Debug\VariabeGain Mic.a(UART_SPI_UART.o)
 .debug_info    0x00002ab8      0x3b5 .\CortexM0\ARM_GCC_541\Debug\VariabeGain Mic.a(UART_UART.o)
 .debug_info    0x00002e6d      0xd40 .\CortexM0\ARM_GCC_541\Debug\VariabeGain Mic.a(CyLib.o)
 .debug_info    0x00003bad     0x1058 .\CortexM0\ARM_GCC_541\Debug\VariabeGain Mic.a(CyLFClk.o)
 .debug_info    0x00004c05      0x19d .\CortexM0\ARM_GCC_541\Debug\VariabeGain Mic.a(CTRL.o)
 .debug_info    0x00004da2      0x579 .\CortexM0\ARM_GCC_541\Debug\VariabeGain Mic.a(ADC.o)
 .debug_info    0x0000531b       0xcb .\CortexM0\ARM_GCC_541\Debug\VariabeGain Mic.a(ADC_INT.o)
 .debug_info    0x000053e6      0x19b .\CortexM0\ARM_GCC_541\Debug\VariabeGain Mic.a(S3.o)
 .debug_info    0x00005581      0x19d .\CortexM0\ARM_GCC_541\Debug\VariabeGain Mic.a(S2.o)
 .debug_info    0x0000571e      0x19d .\CortexM0\ARM_GCC_541\Debug\VariabeGain Mic.a(S1.o)
 .debug_info    0x000058bb      0x19d .\CortexM0\ARM_GCC_541\Debug\VariabeGain Mic.a(S0.o)
 .debug_info    0x00005a58       0xb5 .\CortexM0\ARM_GCC_541\Debug\VariabeGain Mic.a(CyBootAsmGnu.o)
 .debug_info    0x00005b0d      0x1a8 .\CortexM0\ARM_GCC_541\Debug\VariabeGain Mic.a(I2CM_I2C_INT.o)
 .debug_info    0x00005cb5      0x350 .\CortexM0\ARM_GCC_541\Debug\VariabeGain Mic.a(CyFlash.o)

.debug_abbrev   0x00000000     0x19a8
 *(.debug_abbrev)
 .debug_abbrev  0x00000000      0x250 .\CortexM0\ARM_GCC_541\Debug\main.o
 .debug_abbrev  0x00000250      0x1cf .\CortexM0\ARM_GCC_541\Debug\cyfitter_cfg.o
 .debug_abbrev  0x0000041f       0x5d .\CortexM0\ARM_GCC_541\Debug\cymetadata.o
 .debug_abbrev  0x0000047c      0x1d7 .\CortexM0\ARM_GCC_541\Debug\Cm0Start.o
 .debug_abbrev  0x00000653      0x118 .\CortexM0\ARM_GCC_541\Debug\VariabeGain Mic.a(I2CM.o)
 .debug_abbrev  0x0000076b       0xc7 .\CortexM0\ARM_GCC_541\Debug\VariabeGain Mic.a(I2CM_I2C.o)
 .debug_abbrev  0x00000832      0x1c2 .\CortexM0\ARM_GCC_541\Debug\VariabeGain Mic.a(I2CM_I2C_MASTER.o)
 .debug_abbrev  0x000009f4       0xd5 .\CortexM0\ARM_GCC_541\Debug\VariabeGain Mic.a(UART.o)
 .debug_abbrev  0x00000ac9      0x14f .\CortexM0\ARM_GCC_541\Debug\VariabeGain Mic.a(UART_SPI_UART.o)
 .debug_abbrev  0x00000c18      0x132 .\CortexM0\ARM_GCC_541\Debug\VariabeGain Mic.a(UART_UART.o)
 .debug_abbrev  0x00000d4a      0x20b .\CortexM0\ARM_GCC_541\Debug\VariabeGain Mic.a(CyLib.o)
 .debug_abbrev  0x00000f55      0x248 .\CortexM0\ARM_GCC_541\Debug\VariabeGain Mic.a(CyLFClk.o)
 .debug_abbrev  0x0000119d       0xc8 .\CortexM0\ARM_GCC_541\Debug\VariabeGain Mic.a(CTRL.o)
 .debug_abbrev  0x00001265      0x184 .\CortexM0\ARM_GCC_541\Debug\VariabeGain Mic.a(ADC.o)
 .debug_abbrev  0x000013e9       0x65 .\CortexM0\ARM_GCC_541\Debug\VariabeGain Mic.a(ADC_INT.o)
 .debug_abbrev  0x0000144e       0xc8 .\CortexM0\ARM_GCC_541\Debug\VariabeGain Mic.a(S3.o)
 .debug_abbrev  0x00001516       0xc8 .\CortexM0\ARM_GCC_541\Debug\VariabeGain Mic.a(S2.o)
 .debug_abbrev  0x000015de       0xc8 .\CortexM0\ARM_GCC_541\Debug\VariabeGain Mic.a(S1.o)
 .debug_abbrev  0x000016a6       0xc8 .\CortexM0\ARM_GCC_541\Debug\VariabeGain Mic.a(S0.o)
 .debug_abbrev  0x0000176e       0x14 .\CortexM0\ARM_GCC_541\Debug\VariabeGain Mic.a(CyBootAsmGnu.o)
 .debug_abbrev  0x00001782       0xa4 .\CortexM0\ARM_GCC_541\Debug\VariabeGain Mic.a(I2CM_I2C_INT.o)
 .debug_abbrev  0x00001826      0x182 .\CortexM0\ARM_GCC_541\Debug\VariabeGain Mic.a(CyFlash.o)

.debug_line     0x00000000     0x27e5
 *(.debug_line)
 .debug_line    0x00000000      0x515 .\CortexM0\ARM_GCC_541\Debug\main.o
 .debug_line    0x00000515      0x19d .\CortexM0\ARM_GCC_541\Debug\cyfitter_cfg.o
 .debug_line    0x000006b2      0x141 .\CortexM0\ARM_GCC_541\Debug\cymetadata.o
 .debug_line    0x000007f3      0x236 .\CortexM0\ARM_GCC_541\Debug\Cm0Start.o
 .debug_line    0x00000a29      0x126 .\CortexM0\ARM_GCC_541\Debug\VariabeGain Mic.a(I2CM.o)
 .debug_line    0x00000b4f       0xc4 .\CortexM0\ARM_GCC_541\Debug\VariabeGain Mic.a(I2CM_I2C.o)
 .debug_line    0x00000c13      0x2fe .\CortexM0\ARM_GCC_541\Debug\VariabeGain Mic.a(I2CM_I2C_MASTER.o)
 .debug_line    0x00000f11      0x108 .\CortexM0\ARM_GCC_541\Debug\VariabeGain Mic.a(UART.o)
 .debug_line    0x00001019      0x11a .\CortexM0\ARM_GCC_541\Debug\VariabeGain Mic.a(UART_SPI_UART.o)
 .debug_line    0x00001133      0x1cf .\CortexM0\ARM_GCC_541\Debug\VariabeGain Mic.a(UART_UART.o)
 .debug_line    0x00001302      0x563 .\CortexM0\ARM_GCC_541\Debug\VariabeGain Mic.a(CyLib.o)
 .debug_line    0x00001865      0x5d1 .\CortexM0\ARM_GCC_541\Debug\VariabeGain Mic.a(CyLFClk.o)
 .debug_line    0x00001e36       0xbc .\CortexM0\ARM_GCC_541\Debug\VariabeGain Mic.a(CTRL.o)
 .debug_line    0x00001ef2      0x270 .\CortexM0\ARM_GCC_541\Debug\VariabeGain Mic.a(ADC.o)
 .debug_line    0x00002162       0x62 .\CortexM0\ARM_GCC_541\Debug\VariabeGain Mic.a(ADC_INT.o)
 .debug_line    0x000021c4       0xb9 .\CortexM0\ARM_GCC_541\Debug\VariabeGain Mic.a(S3.o)
 .debug_line    0x0000227d       0xba .\CortexM0\ARM_GCC_541\Debug\VariabeGain Mic.a(S2.o)
 .debug_line    0x00002337       0xba .\CortexM0\ARM_GCC_541\Debug\VariabeGain Mic.a(S1.o)
 .debug_line    0x000023f1       0xba .\CortexM0\ARM_GCC_541\Debug\VariabeGain Mic.a(S0.o)
 .debug_line    0x000024ab       0x68 .\CortexM0\ARM_GCC_541\Debug\VariabeGain Mic.a(CyBootAsmGnu.o)
 .debug_line    0x00002513      0x15f .\CortexM0\ARM_GCC_541\Debug\VariabeGain Mic.a(I2CM_I2C_INT.o)
 .debug_line    0x00002672      0x173 .\CortexM0\ARM_GCC_541\Debug\VariabeGain Mic.a(CyFlash.o)

.debug_frame    0x00000000     0x2814
 *(.debug_frame)
 .debug_frame   0x00000000      0x294 .\CortexM0\ARM_GCC_541\Debug\main.o
 .debug_frame   0x00000294       0xb4 .\CortexM0\ARM_GCC_541\Debug\cyfitter_cfg.o
 .debug_frame   0x00000348       0xbc .\CortexM0\ARM_GCC_541\Debug\Cm0Start.o
 .debug_frame   0x00000404       0xe8 .\CortexM0\ARM_GCC_541\Debug\VariabeGain Mic.a(I2CM.o)
 .debug_frame   0x000004ec       0x58 .\CortexM0\ARM_GCC_541\Debug\VariabeGain Mic.a(I2CM_I2C.o)
 .debug_frame   0x00000544      0x1d8 .\CortexM0\ARM_GCC_541\Debug\VariabeGain Mic.a(I2CM_I2C_MASTER.o)
 .debug_frame   0x0000071c       0xd8 .\CortexM0\ARM_GCC_541\Debug\VariabeGain Mic.a(UART.o)
 .debug_frame   0x000007f4       0xb0 .\CortexM0\ARM_GCC_541\Debug\VariabeGain Mic.a(UART_SPI_UART.o)
 .debug_frame   0x000008a4      0x144 .\CortexM0\ARM_GCC_541\Debug\VariabeGain Mic.a(UART_UART.o)
 .debug_frame   0x000009e8      0x48c .\CortexM0\ARM_GCC_541\Debug\VariabeGain Mic.a(CyLib.o)
 .debug_frame   0x00000e74      0x4a4 .\CortexM0\ARM_GCC_541\Debug\VariabeGain Mic.a(CyLFClk.o)
 .debug_frame   0x00001318       0x70 .\CortexM0\ARM_GCC_541\Debug\VariabeGain Mic.a(CTRL.o)
 .debug_frame   0x00001388      0x1b0 .\CortexM0\ARM_GCC_541\Debug\VariabeGain Mic.a(ADC.o)
 .debug_frame   0x00001538       0x20 .\CortexM0\ARM_GCC_541\Debug\VariabeGain Mic.a(ADC_INT.o)
 .debug_frame   0x00001558       0x70 .\CortexM0\ARM_GCC_541\Debug\VariabeGain Mic.a(S3.o)
 .debug_frame   0x000015c8       0x70 .\CortexM0\ARM_GCC_541\Debug\VariabeGain Mic.a(S2.o)
 .debug_frame   0x00001638       0x70 .\CortexM0\ARM_GCC_541\Debug\VariabeGain Mic.a(S1.o)
 .debug_frame   0x000016a8       0x70 .\CortexM0\ARM_GCC_541\Debug\VariabeGain Mic.a(S0.o)
 .debug_frame   0x00001718       0x2c .\CortexM0\ARM_GCC_541\Debug\VariabeGain Mic.a(I2CM_I2C_INT.o)
 .debug_frame   0x00001744       0x90 .\CortexM0\ARM_GCC_541\Debug\VariabeGain Mic.a(CyFlash.o)
 .debug_frame   0x000017d4       0x30 c:/program files (x86)/cypress/psoc creator/4.4/psoc creator/import/gnu/arm/5.4.1/bin/../lib/gcc/arm-none-eabi/5.4.1/../../../../arm-none-eabi/lib/armv6-m\libm.a(lib_a-s_round.o)
 .debug_frame   0x00001804       0x38 c:/program files (x86)/cypress/psoc creator/4.4/psoc creator/import/gnu/arm/5.4.1/bin/../lib/gcc/arm-none-eabi/5.4.1/../../../../arm-none-eabi/lib/armv6-m\libm.a(lib_a-w_log10.o)
 .debug_frame   0x0000183c       0x3c c:/program files (x86)/cypress/psoc creator/4.4/psoc creator/import/gnu/arm/5.4.1/bin/../lib/gcc/arm-none-eabi/5.4.1/../../../../arm-none-eabi/lib/armv6-m\libm.a(lib_a-w_pow.o)
 .debug_frame   0x00001878       0x38 c:/program files (x86)/cypress/psoc creator/4.4/psoc creator/import/gnu/arm/5.4.1/bin/../lib/gcc/arm-none-eabi/5.4.1/../../../../arm-none-eabi/lib/armv6-m\libm.a(lib_a-e_log10.o)
 .debug_frame   0x000018b0       0x3c c:/program files (x86)/cypress/psoc creator/4.4/psoc creator/import/gnu/arm/5.4.1/bin/../lib/gcc/arm-none-eabi/5.4.1/../../../../arm-none-eabi/lib/armv6-m\libm.a(lib_a-e_pow.o)
 .debug_frame   0x000018ec       0x3c c:/program files (x86)/cypress/psoc creator/4.4/psoc creator/import/gnu/arm/5.4.1/bin/../lib/gcc/arm-none-eabi/5.4.1/../../../../arm-none-eabi/lib/armv6-m\libm.a(lib_a-e_sqrt.o)
 .debug_frame   0x00001928       0x20 c:/program files (x86)/cypress/psoc creator/4.4/psoc creator/import/gnu/arm/5.4.1/bin/../lib/gcc/arm-none-eabi/5.4.1/../../../../arm-none-eabi/lib/armv6-m\libm.a(lib_a-s_fabs.o)
 .debug_frame   0x00001948       0x20 c:/program files (x86)/cypress/psoc creator/4.4/psoc creator/import/gnu/arm/5.4.1/bin/../lib/gcc/arm-none-eabi/5.4.1/../../../../arm-none-eabi/lib/armv6-m\libm.a(lib_a-s_finite.o)
 .debug_frame   0x00001968       0x20 c:/program files (x86)/cypress/psoc creator/4.4/psoc creator/import/gnu/arm/5.4.1/bin/../lib/gcc/arm-none-eabi/5.4.1/../../../../arm-none-eabi/lib/armv6-m\libm.a(lib_a-s_matherr.o)
 .debug_frame   0x00001988       0x20 c:/program files (x86)/cypress/psoc creator/4.4/psoc creator/import/gnu/arm/5.4.1/bin/../lib/gcc/arm-none-eabi/5.4.1/../../../../arm-none-eabi/lib/armv6-m\libm.a(lib_a-s_nan.o)
 .debug_frame   0x000019a8       0x38 c:/program files (x86)/cypress/psoc creator/4.4/psoc creator/import/gnu/arm/5.4.1/bin/../lib/gcc/arm-none-eabi/5.4.1/../../../../arm-none-eabi/lib/armv6-m\libm.a(lib_a-s_rint.o)
 .debug_frame   0x000019e0       0x2c c:/program files (x86)/cypress/psoc creator/4.4/psoc creator/import/gnu/arm/5.4.1/bin/../lib/gcc/arm-none-eabi/5.4.1/../../../../arm-none-eabi/lib/armv6-m\libm.a(lib_a-s_scalbn.o)
 .debug_frame   0x00001a0c       0x3c c:/program files (x86)/cypress/psoc creator/4.4/psoc creator/import/gnu/arm/5.4.1/bin/../lib/gcc/arm-none-eabi/5.4.1/../../../../arm-none-eabi/lib/armv6-m\libm.a(lib_a-e_log.o)
 .debug_frame   0x00001a48       0x2c c:/program files (x86)/cypress/psoc creator/4.4/psoc creator/import/gnu/arm/5.4.1/bin/../lib/gcc/arm-none-eabi/5.4.1/../../../../arm-none-eabi/lib/armv6-m\libm.a(lib_a-s_copysign.o)
 .debug_frame   0x00001a74       0x20 c:/program files (x86)/cypress/psoc creator/4.4/psoc creator/import/gnu/arm/5.4.1/bin/../lib/gcc/arm-none-eabi/5.4.1/armv6-m\libgcc.a(_udivsi3.o)
 .debug_frame   0x00001a94       0x20 c:/program files (x86)/cypress/psoc creator/4.4/psoc creator/import/gnu/arm/5.4.1/bin/../lib/gcc/arm-none-eabi/5.4.1/armv6-m\libgcc.a(_divsi3.o)
 .debug_frame   0x00001ab4       0x34 c:/program files (x86)/cypress/psoc creator/4.4/psoc creator/import/gnu/arm/5.4.1/bin/../lib/gcc/arm-none-eabi/5.4.1/armv6-m\libgcc.a(_muldi3.o)
 .debug_frame   0x00001ae8       0x2c c:/program files (x86)/cypress/psoc creator/4.4/psoc creator/import/gnu/arm/5.4.1/bin/../lib/gcc/arm-none-eabi/5.4.1/armv6-m\libgcc.a(_fixunsdfsi.o)
 .debug_frame   0x00001b14       0x30 c:/program files (x86)/cypress/psoc creator/4.4/psoc creator/import/gnu/arm/5.4.1/bin/../lib/gcc/arm-none-eabi/5.4.1/armv6-m\libgcc.a(bpabi.o)
 .debug_frame   0x00001b44       0x30 c:/program files (x86)/cypress/psoc creator/4.4/psoc creator/import/gnu/arm/5.4.1/bin/../lib/gcc/arm-none-eabi/5.4.1/armv6-m\libgcc.a(addsf3.o)
 .debug_frame   0x00001b74       0x3c c:/program files (x86)/cypress/psoc creator/4.4/psoc creator/import/gnu/arm/5.4.1/bin/../lib/gcc/arm-none-eabi/5.4.1/armv6-m\libgcc.a(divsf3.o)
 .debug_frame   0x00001bb0       0x38 c:/program files (x86)/cypress/psoc creator/4.4/psoc creator/import/gnu/arm/5.4.1/bin/../lib/gcc/arm-none-eabi/5.4.1/armv6-m\libgcc.a(mulsf3.o)
 .debug_frame   0x00001be8       0x30 c:/program files (x86)/cypress/psoc creator/4.4/psoc creator/import/gnu/arm/5.4.1/bin/../lib/gcc/arm-none-eabi/5.4.1/armv6-m\libgcc.a(subsf3.o)
 .debug_frame   0x00001c18       0x20 c:/program files (x86)/cypress/psoc creator/4.4/psoc creator/import/gnu/arm/5.4.1/bin/../lib/gcc/arm-none-eabi/5.4.1/armv6-m\libgcc.a(fixsfsi.o)
 .debug_frame   0x00001c38       0x2c c:/program files (x86)/cypress/psoc creator/4.4/psoc creator/import/gnu/arm/5.4.1/bin/../lib/gcc/arm-none-eabi/5.4.1/armv6-m\libgcc.a(floatsisf.o)
 .debug_frame   0x00001c64       0x3c c:/program files (x86)/cypress/psoc creator/4.4/psoc creator/import/gnu/arm/5.4.1/bin/../lib/gcc/arm-none-eabi/5.4.1/armv6-m\libgcc.a(adddf3.o)
 .debug_frame   0x00001ca0       0x3c c:/program files (x86)/cypress/psoc creator/4.4/psoc creator/import/gnu/arm/5.4.1/bin/../lib/gcc/arm-none-eabi/5.4.1/armv6-m\libgcc.a(divdf3.o)
 .debug_frame   0x00001cdc       0x38 c:/program files (x86)/cypress/psoc creator/4.4/psoc creator/import/gnu/arm/5.4.1/bin/../lib/gcc/arm-none-eabi/5.4.1/armv6-m\libgcc.a(eqdf2.o)
 .debug_frame   0x00001d14       0x38 c:/program files (x86)/cypress/psoc creator/4.4/psoc creator/import/gnu/arm/5.4.1/bin/../lib/gcc/arm-none-eabi/5.4.1/armv6-m\libgcc.a(gedf2.o)
 .debug_frame   0x00001d4c       0x38 c:/program files (x86)/cypress/psoc creator/4.4/psoc creator/import/gnu/arm/5.4.1/bin/../lib/gcc/arm-none-eabi/5.4.1/armv6-m\libgcc.a(ledf2.o)
 .debug_frame   0x00001d84       0x3c c:/program files (x86)/cypress/psoc creator/4.4/psoc creator/import/gnu/arm/5.4.1/bin/../lib/gcc/arm-none-eabi/5.4.1/armv6-m\libgcc.a(muldf3.o)
 .debug_frame   0x00001dc0       0x38 c:/program files (x86)/cypress/psoc creator/4.4/psoc creator/import/gnu/arm/5.4.1/bin/../lib/gcc/arm-none-eabi/5.4.1/armv6-m\libgcc.a(subdf3.o)
 .debug_frame   0x00001df8       0x2c c:/program files (x86)/cypress/psoc creator/4.4/psoc creator/import/gnu/arm/5.4.1/bin/../lib/gcc/arm-none-eabi/5.4.1/armv6-m\libgcc.a(unorddf2.o)
 .debug_frame   0x00001e24       0x2c c:/program files (x86)/cypress/psoc creator/4.4/psoc creator/import/gnu/arm/5.4.1/bin/../lib/gcc/arm-none-eabi/5.4.1/armv6-m\libgcc.a(fixdfsi.o)
 .debug_frame   0x00001e50       0x2c c:/program files (x86)/cypress/psoc creator/4.4/psoc creator/import/gnu/arm/5.4.1/bin/../lib/gcc/arm-none-eabi/5.4.1/armv6-m\libgcc.a(floatsidf.o)
 .debug_frame   0x00001e7c       0x2c c:/program files (x86)/cypress/psoc creator/4.4/psoc creator/import/gnu/arm/5.4.1/bin/../lib/gcc/arm-none-eabi/5.4.1/armv6-m\libgcc.a(extendsfdf2.o)
 .debug_frame   0x00001ea8       0x2c c:/program files (x86)/cypress/psoc creator/4.4/psoc creator/import/gnu/arm/5.4.1/bin/../lib/gcc/arm-none-eabi/5.4.1/armv6-m\libgcc.a(truncdfsf2.o)
 .debug_frame   0x00001ed4       0x3c c:/program files (x86)/cypress/psoc creator/4.4/psoc creator/import/gnu/arm/5.4.1/bin/../lib/gcc/arm-none-eabi/5.4.1/armv6-m\libgcc.a(_divdi3.o)
 .debug_frame   0x00001f10       0x20 c:/program files (x86)/cypress/psoc creator/4.4/psoc creator/import/gnu/arm/5.4.1/bin/../lib/gcc/arm-none-eabi/5.4.1/../../../../arm-none-eabi/lib/armv6-m\libg_nano.a(lib_a-errno.o)
 .debug_frame   0x00001f30       0x28 c:/program files (x86)/cypress/psoc creator/4.4/psoc creator/import/gnu/arm/5.4.1/bin/../lib/gcc/arm-none-eabi/5.4.1/../../../../arm-none-eabi/lib/armv6-m\libg_nano.a(lib_a-exit.o)
 .debug_frame   0x00001f58       0x2c c:/program files (x86)/cypress/psoc creator/4.4/psoc creator/import/gnu/arm/5.4.1/bin/../lib/gcc/arm-none-eabi/5.4.1/../../../../arm-none-eabi/lib/armv6-m\libg_nano.a(lib_a-init.o)
 .debug_frame   0x00001f84       0x28 c:/program files (x86)/cypress/psoc creator/4.4/psoc creator/import/gnu/arm/5.4.1/bin/../lib/gcc/arm-none-eabi/5.4.1/../../../../arm-none-eabi/lib/armv6-m\libg_nano.a(lib_a-memcpy-stub.o)
 .debug_frame   0x00001fac       0x20 c:/program files (x86)/cypress/psoc creator/4.4/psoc creator/import/gnu/arm/5.4.1/bin/../lib/gcc/arm-none-eabi/5.4.1/../../../../arm-none-eabi/lib/armv6-m\libg_nano.a(lib_a-memset.o)
 .debug_frame   0x00001fcc       0x50 c:/program files (x86)/cypress/psoc creator/4.4/psoc creator/import/gnu/arm/5.4.1/bin/../lib/gcc/arm-none-eabi/5.4.1/../../../../arm-none-eabi/lib/armv6-m\libg_nano.a(lib_a-printf.o)
 .debug_frame   0x0000201c       0x44 c:/program files (x86)/cypress/psoc creator/4.4/psoc creator/import/gnu/arm/5.4.1/bin/../lib/gcc/arm-none-eabi/5.4.1/../../../../arm-none-eabi/lib/armv6-m\libg_nano.a(lib_a-puts.o)
 .debug_frame   0x00002060       0x48 c:/program files (x86)/cypress/psoc creator/4.4/psoc creator/import/gnu/arm/5.4.1/bin/../lib/gcc/arm-none-eabi/5.4.1/../../../../arm-none-eabi/lib/armv6-m\libg_nano.a(lib_a-wbuf.o)
 .debug_frame   0x000020a8       0x2c c:/program files (x86)/cypress/psoc creator/4.4/psoc creator/import/gnu/arm/5.4.1/bin/../lib/gcc/arm-none-eabi/5.4.1/../../../../arm-none-eabi/lib/armv6-m\libg_nano.a(lib_a-wsetup.o)
 .debug_frame   0x000020d4       0x68 c:/program files (x86)/cypress/psoc creator/4.4/psoc creator/import/gnu/arm/5.4.1/bin/../lib/gcc/arm-none-eabi/5.4.1/../../../../arm-none-eabi/lib/armv6-m\libg_nano.a(lib_a-fflush.o)
 .debug_frame   0x0000213c      0x140 c:/program files (x86)/cypress/psoc creator/4.4/psoc creator/import/gnu/arm/5.4.1/bin/../lib/gcc/arm-none-eabi/5.4.1/../../../../arm-none-eabi/lib/armv6-m\libg_nano.a(lib_a-findfp.o)
 .debug_frame   0x0000227c       0x58 c:/program files (x86)/cypress/psoc creator/4.4/psoc creator/import/gnu/arm/5.4.1/bin/../lib/gcc/arm-none-eabi/5.4.1/../../../../arm-none-eabi/lib/armv6-m\libg_nano.a(lib_a-fwalk.o)
 .debug_frame   0x000022d4       0x54 c:/program files (x86)/cypress/psoc creator/4.4/psoc creator/import/gnu/arm/5.4.1/bin/../lib/gcc/arm-none-eabi/5.4.1/../../../../arm-none-eabi/lib/armv6-m\libg_nano.a(lib_a-makebuf.o)
 .debug_frame   0x00002328       0x2c c:/program files (x86)/cypress/psoc creator/4.4/psoc creator/import/gnu/arm/5.4.1/bin/../lib/gcc/arm-none-eabi/5.4.1/../../../../arm-none-eabi/lib/armv6-m\libg_nano.a(lib_a-nano-freer.o)
 .debug_frame   0x00002354       0x2c c:/program files (x86)/cypress/psoc creator/4.4/psoc creator/import/gnu/arm/5.4.1/bin/../lib/gcc/arm-none-eabi/5.4.1/../../../../arm-none-eabi/lib/armv6-m\libg_nano.a(lib_a-nano-mallocr.o)
 .debug_frame   0x00002380       0x9c c:/program files (x86)/cypress/psoc creator/4.4/psoc creator/import/gnu/arm/5.4.1/bin/../lib/gcc/arm-none-eabi/5.4.1/../../../../arm-none-eabi/lib/armv6-m\libg_nano.a(lib_a-nano-vfprintf.o)
 .debug_frame   0x0000241c       0x54 c:/program files (x86)/cypress/psoc creator/4.4/psoc creator/import/gnu/arm/5.4.1/bin/../lib/gcc/arm-none-eabi/5.4.1/../../../../arm-none-eabi/lib/armv6-m\libg_nano.a(lib_a-nano-vfprintf_i.o)
 .debug_frame   0x00002470       0x2c c:/program files (x86)/cypress/psoc creator/4.4/psoc creator/import/gnu/arm/5.4.1/bin/../lib/gcc/arm-none-eabi/5.4.1/../../../../arm-none-eabi/lib/armv6-m\libg_nano.a(lib_a-sbrkr.o)
 .debug_frame   0x0000249c       0x90 c:/program files (x86)/cypress/psoc creator/4.4/psoc creator/import/gnu/arm/5.4.1/bin/../lib/gcc/arm-none-eabi/5.4.1/../../../../arm-none-eabi/lib/armv6-m\libg_nano.a(lib_a-stdio.o)
 .debug_frame   0x0000252c       0x2c c:/program files (x86)/cypress/psoc creator/4.4/psoc creator/import/gnu/arm/5.4.1/bin/../lib/gcc/arm-none-eabi/5.4.1/../../../../arm-none-eabi/lib/armv6-m\libg_nano.a(lib_a-writer.o)
 .debug_frame   0x00002558       0x2c c:/program files (x86)/cypress/psoc creator/4.4/psoc creator/import/gnu/arm/5.4.1/bin/../lib/gcc/arm-none-eabi/5.4.1/../../../../arm-none-eabi/lib/armv6-m\libg_nano.a(lib_a-closer.o)
 .debug_frame   0x00002584       0x2c c:/program files (x86)/cypress/psoc creator/4.4/psoc creator/import/gnu/arm/5.4.1/bin/../lib/gcc/arm-none-eabi/5.4.1/../../../../arm-none-eabi/lib/armv6-m\libg_nano.a(lib_a-fstatr.o)
 .debug_frame   0x000025b0       0x30 c:/program files (x86)/cypress/psoc creator/4.4/psoc creator/import/gnu/arm/5.4.1/bin/../lib/gcc/arm-none-eabi/5.4.1/../../../../arm-none-eabi/lib/armv6-m\libg_nano.a(lib_a-fvwrite.o)
 .debug_frame   0x000025e0       0x2c c:/program files (x86)/cypress/psoc creator/4.4/psoc creator/import/gnu/arm/5.4.1/bin/../lib/gcc/arm-none-eabi/5.4.1/../../../../arm-none-eabi/lib/armv6-m\libg_nano.a(lib_a-isattyr.o)
 .debug_frame   0x0000260c       0x2c c:/program files (x86)/cypress/psoc creator/4.4/psoc creator/import/gnu/arm/5.4.1/bin/../lib/gcc/arm-none-eabi/5.4.1/../../../../arm-none-eabi/lib/armv6-m\libg_nano.a(lib_a-lseekr.o)
 .debug_frame   0x00002638       0x20 c:/program files (x86)/cypress/psoc creator/4.4/psoc creator/import/gnu/arm/5.4.1/bin/../lib/gcc/arm-none-eabi/5.4.1/../../../../arm-none-eabi/lib/armv6-m\libg_nano.a(lib_a-memchr-stub.o)
 .debug_frame   0x00002658       0x28 c:/program files (x86)/cypress/psoc creator/4.4/psoc creator/import/gnu/arm/5.4.1/bin/../lib/gcc/arm-none-eabi/5.4.1/../../../../arm-none-eabi/lib/armv6-m\libg_nano.a(lib_a-memmove.o)
 .debug_frame   0x00002680       0x30 c:/program files (x86)/cypress/psoc creator/4.4/psoc creator/import/gnu/arm/5.4.1/bin/../lib/gcc/arm-none-eabi/5.4.1/../../../../arm-none-eabi/lib/armv6-m\libg_nano.a(lib_a-mlock.o)
 .debug_frame   0x000026b0       0x30 c:/program files (x86)/cypress/psoc creator/4.4/psoc creator/import/gnu/arm/5.4.1/bin/../lib/gcc/arm-none-eabi/5.4.1/../../../../arm-none-eabi/lib/armv6-m\libg_nano.a(lib_a-nano-reallocr.o)
 .debug_frame   0x000026e0       0x2c c:/program files (x86)/cypress/psoc creator/4.4/psoc creator/import/gnu/arm/5.4.1/bin/../lib/gcc/arm-none-eabi/5.4.1/../../../../arm-none-eabi/lib/armv6-m\libg_nano.a(lib_a-readr.o)
 .debug_frame   0x0000270c       0x48 c:/program files (x86)/cypress/psoc creator/4.4/psoc creator/import/gnu/arm/5.4.1/bin/../lib/gcc/arm-none-eabi/5.4.1/../../../../arm-none-eabi/lib/armv6-m\libg_nano.a(lib_a-reent.o)
 .debug_frame   0x00002754       0x20 c:/program files (x86)/cypress/psoc creator/4.4/psoc creator/import/gnu/arm/5.4.1/bin/../lib/gcc/arm-none-eabi/5.4.1/../../../../arm-none-eabi/lib/armv6-m\libg_nano.a(lib_a-nano-msizer.o)
 .debug_frame   0x00002774       0x20 c:/program files (x86)/cypress/psoc creator/4.4/psoc creator/import/gnu/arm/5.4.1/bin/../lib/gcc/arm-none-eabi/5.4.1/../../../../arm-none-eabi/lib/armv6-m\libnosys.a(close.o)
 .debug_frame   0x00002794       0x20 c:/program files (x86)/cypress/psoc creator/4.4/psoc creator/import/gnu/arm/5.4.1/bin/../lib/gcc/arm-none-eabi/5.4.1/../../../../arm-none-eabi/lib/armv6-m\libnosys.a(fstat.o)
 .debug_frame   0x000027b4       0x20 c:/program files (x86)/cypress/psoc creator/4.4/psoc creator/import/gnu/arm/5.4.1/bin/../lib/gcc/arm-none-eabi/5.4.1/../../../../arm-none-eabi/lib/armv6-m\libnosys.a(isatty.o)
 .debug_frame   0x000027d4       0x20 c:/program files (x86)/cypress/psoc creator/4.4/psoc creator/import/gnu/arm/5.4.1/bin/../lib/gcc/arm-none-eabi/5.4.1/../../../../arm-none-eabi/lib/armv6-m\libnosys.a(lseek.o)
 .debug_frame   0x000027f4       0x20 c:/program files (x86)/cypress/psoc creator/4.4/psoc creator/import/gnu/arm/5.4.1/bin/../lib/gcc/arm-none-eabi/5.4.1/../../../../arm-none-eabi/lib/armv6-m\libnosys.a(read.o)

.debug_str      0x00000000     0x20f8
 *(.debug_str)
 .debug_str     0x00000000      0x4e5 .\CortexM0\ARM_GCC_541\Debug\main.o
                                0x578 (size before relaxing)
 .debug_str     0x000004e5      0x13e .\CortexM0\ARM_GCC_541\Debug\cyfitter_cfg.o
                                0x322 (size before relaxing)
 .debug_str     0x00000623       0x59 .\CortexM0\ARM_GCC_541\Debug\cymetadata.o
                                0x1ed (size before relaxing)
 .debug_str     0x0000067c      0x13a .\CortexM0\ARM_GCC_541\Debug\Cm0Start.o
                                0x326 (size before relaxing)
 .debug_str     0x000007b6      0x127 .\CortexM0\ARM_GCC_541\Debug\VariabeGain Mic.a(I2CM.o)
                                0x2f1 (size before relaxing)
 .debug_str     0x000008dd       0x8b .\CortexM0\ARM_GCC_541\Debug\VariabeGain Mic.a(I2CM_I2C.o)
                                0x27b (size before relaxing)
 .debug_str     0x00000968      0x269 .\CortexM0\ARM_GCC_541\Debug\VariabeGain Mic.a(I2CM_I2C_MASTER.o)
                                0x4f7 (size before relaxing)
 .debug_str     0x00000bd1       0xdb .\CortexM0\ARM_GCC_541\Debug\VariabeGain Mic.a(UART.o)
                                0x2bc (size before relaxing)
 .debug_str     0x00000cac      0x11d .\CortexM0\ARM_GCC_541\Debug\VariabeGain Mic.a(UART_SPI_UART.o)
                                0x2f3 (size before relaxing)
 .debug_str     0x00000dc9      0x188 .\CortexM0\ARM_GCC_541\Debug\VariabeGain Mic.a(UART_UART.o)
                                0x3ed (size before relaxing)
 .debug_str     0x00000f51      0x5d7 .\CortexM0\ARM_GCC_541\Debug\VariabeGain Mic.a(CyLib.o)
                                0x822 (size before relaxing)
 .debug_str     0x00001528      0x6e2 .\CortexM0\ARM_GCC_541\Debug\VariabeGain Mic.a(CyLFClk.o)
                                0x942 (size before relaxing)
 .debug_str     0x00001c0a       0x99 .\CortexM0\ARM_GCC_541\Debug\VariabeGain Mic.a(CTRL.o)
                                0x254 (size before relaxing)
 .debug_str     0x00001ca3      0x18c .\CortexM0\ARM_GCC_541\Debug\VariabeGain Mic.a(ADC.o)
                                0x3e9 (size before relaxing)
 .debug_str     0x00001e2f       0x35 .\CortexM0\ARM_GCC_541\Debug\VariabeGain Mic.a(ADC_INT.o)
                                0x1e2 (size before relaxing)
 .debug_str     0x00001e64       0x69 .\CortexM0\ARM_GCC_541\Debug\VariabeGain Mic.a(S3.o)
                                0x246 (size before relaxing)
 .debug_str     0x00001ecd       0x69 .\CortexM0\ARM_GCC_541\Debug\VariabeGain Mic.a(S2.o)
                                0x246 (size before relaxing)
 .debug_str     0x00001f36       0x69 .\CortexM0\ARM_GCC_541\Debug\VariabeGain Mic.a(S1.o)
                                0x246 (size before relaxing)
 .debug_str     0x00001f9f       0x69 .\CortexM0\ARM_GCC_541\Debug\VariabeGain Mic.a(S0.o)
                                0x246 (size before relaxing)
 .debug_str     0x00002008       0x49 .\CortexM0\ARM_GCC_541\Debug\VariabeGain Mic.a(I2CM_I2C_INT.o)
                                0x2f1 (size before relaxing)
 .debug_str     0x00002051       0xa7 .\CortexM0\ARM_GCC_541\Debug\VariabeGain Mic.a(CyFlash.o)
                                0x2d5 (size before relaxing)

.debug_loc      0x00000000     0x3392
 *(.debug_loc)
 .debug_loc     0x00000000      0x420 .\CortexM0\ARM_GCC_541\Debug\main.o
 .debug_loc     0x00000420      0x136 .\CortexM0\ARM_GCC_541\Debug\cyfitter_cfg.o
 .debug_loc     0x00000556      0x14f .\CortexM0\ARM_GCC_541\Debug\Cm0Start.o
 .debug_loc     0x000006a5       0x7e .\CortexM0\ARM_GCC_541\Debug\VariabeGain Mic.a(I2CM.o)
 .debug_loc     0x00000723      0xa49 .\CortexM0\ARM_GCC_541\Debug\VariabeGain Mic.a(I2CM_I2C_MASTER.o)
 .debug_loc     0x0000116c       0x7e .\CortexM0\ARM_GCC_541\Debug\VariabeGain Mic.a(UART.o)
 .debug_loc     0x000011ea       0x96 .\CortexM0\ARM_GCC_541\Debug\VariabeGain Mic.a(UART_SPI_UART.o)
 .debug_loc     0x00001280      0x223 .\CortexM0\ARM_GCC_541\Debug\VariabeGain Mic.a(UART_UART.o)
 .debug_loc     0x000014a3      0x81c .\CortexM0\ARM_GCC_541\Debug\VariabeGain Mic.a(CyLib.o)
 .debug_loc     0x00001cbf      0xdb7 .\CortexM0\ARM_GCC_541\Debug\VariabeGain Mic.a(CyLFClk.o)
 .debug_loc     0x00002a76       0xa2 .\CortexM0\ARM_GCC_541\Debug\VariabeGain Mic.a(CTRL.o)
 .debug_loc     0x00002b18      0x3a7 .\CortexM0\ARM_GCC_541\Debug\VariabeGain Mic.a(ADC.o)
 .debug_loc     0x00002ebf       0x81 .\CortexM0\ARM_GCC_541\Debug\VariabeGain Mic.a(S3.o)
 .debug_loc     0x00002f40       0xa2 .\CortexM0\ARM_GCC_541\Debug\VariabeGain Mic.a(S2.o)
 .debug_loc     0x00002fe2       0xa2 .\CortexM0\ARM_GCC_541\Debug\VariabeGain Mic.a(S1.o)
 .debug_loc     0x00003084       0xa2 .\CortexM0\ARM_GCC_541\Debug\VariabeGain Mic.a(S0.o)
 .debug_loc     0x00003126      0x10c .\CortexM0\ARM_GCC_541\Debug\VariabeGain Mic.a(I2CM_I2C_INT.o)
 .debug_loc     0x00003232      0x160 .\CortexM0\ARM_GCC_541\Debug\VariabeGain Mic.a(CyFlash.o)

.debug_macinfo
 *(.debug_macinfo)

.debug_ranges   0x00000000      0x880
 *(.debug_ranges)
 .debug_ranges  0x00000000       0xd0 .\CortexM0\ARM_GCC_541\Debug\main.o
 .debug_ranges  0x000000d0       0x38 .\CortexM0\ARM_GCC_541\Debug\cyfitter_cfg.o
 .debug_ranges  0x00000108       0x38 .\CortexM0\ARM_GCC_541\Debug\Cm0Start.o
 .debug_ranges  0x00000140       0x50 .\CortexM0\ARM_GCC_541\Debug\VariabeGain Mic.a(I2CM.o)
 .debug_ranges  0x00000190       0x20 .\CortexM0\ARM_GCC_541\Debug\VariabeGain Mic.a(I2CM_I2C.o)
 .debug_ranges  0x000001b0       0x88 .\CortexM0\ARM_GCC_541\Debug\VariabeGain Mic.a(I2CM_I2C_MASTER.o)
 .debug_ranges  0x00000238       0x48 .\CortexM0\ARM_GCC_541\Debug\VariabeGain Mic.a(UART.o)
 .debug_ranges  0x00000280       0x50 .\CortexM0\ARM_GCC_541\Debug\VariabeGain Mic.a(UART_SPI_UART.o)
 .debug_ranges  0x000002d0       0x80 .\CortexM0\ARM_GCC_541\Debug\VariabeGain Mic.a(UART_UART.o)
 .debug_ranges  0x00000350      0x1b8 .\CortexM0\ARM_GCC_541\Debug\VariabeGain Mic.a(CyLib.o)
 .debug_ranges  0x00000508      0x178 .\CortexM0\ARM_GCC_541\Debug\VariabeGain Mic.a(CyLFClk.o)
 .debug_ranges  0x00000680       0x38 .\CortexM0\ARM_GCC_541\Debug\VariabeGain Mic.a(CTRL.o)
 .debug_ranges  0x000006b8       0x98 .\CortexM0\ARM_GCC_541\Debug\VariabeGain Mic.a(ADC.o)
 .debug_ranges  0x00000750       0x10 .\CortexM0\ARM_GCC_541\Debug\VariabeGain Mic.a(ADC_INT.o)
 .debug_ranges  0x00000760       0x38 .\CortexM0\ARM_GCC_541\Debug\VariabeGain Mic.a(S3.o)
 .debug_ranges  0x00000798       0x38 .\CortexM0\ARM_GCC_541\Debug\VariabeGain Mic.a(S2.o)